MirStore[52 nodes, 103 extra words]
[1] literal class=plain type=2 coerce=0 span_ast=3 data=str_extra("0",extra=0)
[2] var_decl class=plain type=1 coerce=0 span_ast=5 data=str_extra("x",extra=2)
[3] identifier class=plain type=1 coerce=0 span_ast=6 data=str_extra("x",extra=5)
[4] literal class=plain type=2 coerce=0 span_ast=7 data=str_extra("0",extra=6)
[5] assignment class=plain type=0 coerce=0 span_ast=8 data=node_extra(3,extra=8)
[6] block class=plain type=0 coerce=0 span_ast=9 data=extra(10)
[7] defer_stmt class=plain type=0 coerce=0 span_ast=10 data=node(6)
[8] identifier class=plain type=1 coerce=0 span_ast=11 data=str_extra("x",extra=12)
[9] literal class=plain type=2 coerce=0 span_ast=12 data=str_extra("99",extra=13)
[10] assignment class=plain type=0 coerce=0 span_ast=13 data=node_extra(8,extra=15)
[11] identifier class=plain type=1 coerce=0 span_ast=14 data=str_extra("x",extra=17)
[12] return_stmt class=plain type=0 coerce=0 span_ast=15 data=node(11)
[13] block class=plain type=0 coerce=0 span_ast=16 data=extra(18)
[14] func class=plain type=0 coerce=0 span_ast=17 data=str_extra("single_defer",extra=23)
[15] literal class=plain type=2 coerce=0 span_ast=19 data=str_extra("0",extra=28)
[16] var_decl class=plain type=1 coerce=0 span_ast=21 data=str_extra("result",extra=30)
[17] identifier class=plain type=1 coerce=0 span_ast=22 data=str_extra("result",extra=33)
[18] literal class=plain type=2 coerce=0 span_ast=23 data=str_extra("1",extra=34)
[19] assignment class=plain type=0 coerce=0 span_ast=24 data=node_extra(17,extra=36)
[20] block class=plain type=0 coerce=0 span_ast=25 data=extra(38)
[21] defer_stmt class=plain type=0 coerce=0 span_ast=26 data=node(20)
[22] identifier class=plain type=1 coerce=0 span_ast=27 data=str_extra("result",extra=40)
[23] literal class=plain type=2 coerce=0 span_ast=28 data=str_extra("2",extra=41)
[24] assignment class=plain type=0 coerce=0 span_ast=29 data=node_extra(22,extra=43)
[25] block class=plain type=0 coerce=0 span_ast=30 data=extra(45)
[26] defer_stmt class=plain type=0 coerce=0 span_ast=31 data=node(25)
[27] identifier class=plain type=1 coerce=0 span_ast=32 data=str_extra("result",extra=47)
[28] return_stmt class=plain type=0 coerce=0 span_ast=33 data=node(27)
[29] block class=plain type=0 coerce=0 span_ast=34 data=extra(48)
[30] func class=plain type=0 coerce=0 span_ast=35 data=str_extra("defer_ordering",extra=53)
[31] literal class=plain type=2 coerce=0 span_ast=37 data=str_extra("0",extra=58)
[32] var_decl class=plain type=1 coerce=0 span_ast=39 data=str_extra("a",extra=60)
[33] identifier class=plain type=1 coerce=0 span_ast=40 data=str_extra("a",extra=63)
[34] literal class=plain type=2 coerce=0 span_ast=41 data=str_extra("10",extra=64)
[35] assignment class=plain type=0 coerce=0 span_ast=42 data=node_extra(33,extra=66)
[36] block class=plain type=0 coerce=0 span_ast=43 data=extra(68)
[37] defer_stmt class=plain type=0 coerce=0 span_ast=44 data=node(36)
[38] literal class=plain type=2 coerce=0 span_ast=45 data=str_extra("5",extra=70)
[39] var_decl class=plain type=1 coerce=0 span_ast=47 data=str_extra("b",extra=72)
[40] identifier class=plain type=1 coerce=0 span_ast=48 data=str_extra("b",extra=75)
[41] literal class=plain type=2 coerce=0 span_ast=49 data=str_extra("0",extra=76)
[42] assignment class=plain type=0 coerce=0 span_ast=50 data=node_extra(40,extra=78)
[43] block class=plain type=0 coerce=0 span_ast=51 data=extra(80)
[44] defer_stmt class=plain type=0 coerce=0 span_ast=52 data=node(43)
[45] identifier class=plain type=1 coerce=0 span_ast=53 data=str_extra("a",extra=82)
[46] identifier class=plain type=1 coerce=0 span_ast=54 data=str_extra("b",extra=83)
[47] assignment class=plain type=0 coerce=0 span_ast=55 data=node_extra(45,extra=84)
[48] identifier class=plain type=1 coerce=0 span_ast=56 data=str_extra("a",extra=86)
[49] return_stmt class=plain type=0 coerce=0 span_ast=57 data=node(48)
[50] block class=plain type=0 coerce=0 span_ast=58 data=extra(87)
[51] func class=plain type=0 coerce=0 span_ast=59 data=str_extra("nested_defer",extra=94)
[52] block class=plain type=0 coerce=0 span_ast=60 data=extra(99)
Built: bin/libcleanup.a
