AstStore[60 nodes, 78 extra words]
[1] module_decl span=0 data=str_node("cleanup",0)
[2] type_named span=0 data=str("i32")
[3] int_literal span=0 data=str("0")
[4] type_named span=0 data=str("i32")
[5] var_decl span=0 data=str_extra("x",extra=0)
[6] identifier span=0 data=str("x")
[7] int_literal span=0 data=str("0")
[8] assignment span=0 data=node_extra(6,extra=3)
[9] block span=0 data=extra(5)
[10] defer_stmt span=0 data=node(9)
[11] identifier span=0 data=str("x")
[12] int_literal span=0 data=str("99")
[13] assignment span=0 data=node_extra(11,extra=7)
[14] identifier span=0 data=str("x")
[15] return_stmt span=0 data=node(14)
[16] block span=0 data=extra(9)
[17] func_decl span=0 data=str_extra("single_defer",extra=14)
[18] type_named span=0 data=str("i32")
[19] int_literal span=0 data=str("0")
[20] type_named span=0 data=str("i32")
[21] var_decl span=0 data=str_extra("result",extra=19)
[22] identifier span=0 data=str("result")
[23] int_literal span=0 data=str("1")
[24] assignment span=0 data=node_extra(22,extra=22)
[25] block span=0 data=extra(24)
[26] defer_stmt span=0 data=node(25)
[27] identifier span=0 data=str("result")
[28] int_literal span=0 data=str("2")
[29] assignment span=0 data=node_extra(27,extra=26)
[30] block span=0 data=extra(28)
[31] defer_stmt span=0 data=node(30)
[32] identifier span=0 data=str("result")
[33] return_stmt span=0 data=node(32)
[34] block span=0 data=extra(30)
[35] func_decl span=0 data=str_extra("defer_ordering",extra=35)
[36] type_named span=0 data=str("i32")
[37] int_literal span=0 data=str("0")
[38] type_named span=0 data=str("i32")
[39] var_decl span=0 data=str_extra("a",extra=40)
[40] identifier span=0 data=str("a")
[41] int_literal span=0 data=str("10")
[42] assignment span=0 data=node_extra(40,extra=43)
[43] block span=0 data=extra(45)
[44] defer_stmt span=0 data=node(43)
[45] int_literal span=0 data=str("5")
[46] type_named span=0 data=str("i32")
[47] var_decl span=0 data=str_extra("b",extra=47)
[48] identifier span=0 data=str("b")
[49] int_literal span=0 data=str("0")
[50] assignment span=0 data=node_extra(48,extra=50)
[51] block span=0 data=extra(52)
[52] defer_stmt span=0 data=node(51)
[53] identifier span=0 data=str("a")
[54] identifier span=0 data=str("b")
[55] assignment span=0 data=node_extra(53,extra=54)
[56] identifier span=0 data=str("a")
[57] return_stmt span=0 data=node(56)
[58] block span=0 data=extra(56)
[59] func_decl span=0 data=str_extra("nested_defer",extra=63)
[60] program span=0 data=extra(71)
Built: bin/libcleanup.a
