AstStore[64 nodes, 85 extra words]
[1] module_decl span=0 data=str_node("cleanup",0)
[2] version_literal span=0 data=extra(0)
[3] metadata span=0 data=node_extra(2,extra=3)
[4] identifier span=0 data=str("static")
[5] metadata span=0 data=node_extra(4,extra=4)
[6] type_named span=0 data=str("i32")
[7] int_literal span=0 data=str("0")
[8] type_named span=0 data=str("i32")
[9] var_decl span=0 data=str_extra("x",extra=5)
[10] identifier span=0 data=str("x")
[11] int_literal span=0 data=str("0")
[12] assignment span=0 data=node_extra(10,extra=8)
[13] block span=0 data=extra(10)
[14] defer_stmt span=0 data=node(13)
[15] identifier span=0 data=str("x")
[16] int_literal span=0 data=str("99")
[17] assignment span=0 data=node_extra(15,extra=12)
[18] identifier span=0 data=str("x")
[19] return_stmt span=0 data=node(18)
[20] block span=0 data=extra(14)
[21] func_decl span=0 data=str_extra("single_defer",extra=19)
[22] type_named span=0 data=str("i32")
[23] int_literal span=0 data=str("0")
[24] type_named span=0 data=str("i32")
[25] var_decl span=0 data=str_extra("result",extra=24)
[26] identifier span=0 data=str("result")
[27] int_literal span=0 data=str("1")
[28] assignment span=0 data=node_extra(26,extra=27)
[29] block span=0 data=extra(29)
[30] defer_stmt span=0 data=node(29)
[31] identifier span=0 data=str("result")
[32] int_literal span=0 data=str("2")
[33] assignment span=0 data=node_extra(31,extra=31)
[34] block span=0 data=extra(33)
[35] defer_stmt span=0 data=node(34)
[36] identifier span=0 data=str("result")
[37] return_stmt span=0 data=node(36)
[38] block span=0 data=extra(35)
[39] func_decl span=0 data=str_extra("defer_ordering",extra=40)
[40] type_named span=0 data=str("i32")
[41] int_literal span=0 data=str("0")
[42] type_named span=0 data=str("i32")
[43] var_decl span=0 data=str_extra("a",extra=45)
[44] identifier span=0 data=str("a")
[45] int_literal span=0 data=str("10")
[46] assignment span=0 data=node_extra(44,extra=48)
[47] block span=0 data=extra(50)
[48] defer_stmt span=0 data=node(47)
[49] int_literal span=0 data=str("5")
[50] type_named span=0 data=str("i32")
[51] var_decl span=0 data=str_extra("b",extra=52)
[52] identifier span=0 data=str("b")
[53] int_literal span=0 data=str("0")
[54] assignment span=0 data=node_extra(52,extra=55)
[55] block span=0 data=extra(57)
[56] defer_stmt span=0 data=node(55)
[57] identifier span=0 data=str("a")
[58] identifier span=0 data=str("b")
[59] assignment span=0 data=node_extra(57,extra=59)
[60] identifier span=0 data=str("a")
[61] return_stmt span=0 data=node(60)
[62] block span=0 data=extra(61)
[63] func_decl span=0 data=str_extra("nested_defer",extra=68)
[64] program span=0 data=extra(78)
Built: bin/libcleanup.a
