AstStore[70 nodes, 104 extra words]
[1] module_decl span=0 data=str_node("functions",0)
[2] type_named span=0 data=str("i32")
[3] param span=0 data=str_extra("x",extra=0)
[4] type_named span=0 data=str("i32")
[5] identifier span=0 data=str("x")
[6] int_literal span=0 data=str("3")
[7] binary_expr span=0 data=node_extra(5,extra=3)
[8] return_stmt span=0 data=node(7)
[9] block span=0 data=extra(5)
[10] func_decl span=0 data=str_extra("triple",extra=7)
[11] type_named span=0 data=str("i32")
[12] type_named span=0 data=str("i32")
[13] type_func span=0 data=node_extra(11,extra=13)
[14] param span=0 data=str_extra("f",extra=15)
[15] type_named span=0 data=str("i32")
[16] param span=0 data=str_extra("x",extra=17)
[17] type_named span=0 data=str("i32")
[18] identifier span=0 data=str("f")
[19] identifier span=0 data=str("x")
[20] call_expr span=0 data=node_extra(18,extra=22)
[21] return_stmt span=0 data=node(20)
[22] block span=0 data=extra(25)
[23] func_decl span=0 data=str_extra("apply",extra=27)
[24] type_named span=0 data=str("i32")
[25] identifier span=0 data=str("triple")
[26] type_named span=0 data=str("i32")
[27] type_named span=0 data=str("i32")
[28] type_func span=0 data=node_extra(26,extra=33)
[29] var_decl span=0 data=str_extra("f",extra=35)
[30] identifier span=0 data=str("f")
[31] int_literal span=0 data=str("4")
[32] call_expr span=0 data=node_extra(30,extra=39)
[33] return_stmt span=0 data=node(32)
[34] block span=0 data=extra(42)
[35] func_decl span=0 data=str_extra("call_via_ptr",extra=45)
[36] type_named span=0 data=str("str")
[37] param span=0 data=str_extra("name",extra=50)
[38] type_named span=0 data=str("str")
[39] string_literal span=0 data=str(""hello"")
[40] param span=0 data=str_extra("greeting",extra=52)
[41] type_named span=0 data=str("str")
[42] identifier span=0 data=str("greeting")
[43] string_literal span=0 data=str("" "")
[44] binary_expr span=0 data=node_extra(42,extra=56)
[45] identifier span=0 data=str("name")
[46] binary_expr span=0 data=node_extra(44,extra=58)
[47] return_stmt span=0 data=node(46)
[48] block span=0 data=extra(60)
[49] func_decl span=0 data=str_extra("greet",extra=62)
[50] type_named span=0 data=str("i32")
[51] param span=0 data=str_extra("n",extra=67)
[52] type_named span=0 data=str("i32")
[53] identifier span=0 data=str("n")
[54] int_literal span=0 data=str("1")
[55] binary_expr span=0 data=node_extra(53,extra=70)
[56] int_literal span=0 data=str("1")
[57] return_stmt span=0 data=node(56)
[58] block span=0 data=extra(72)
[59] if_stmt span=0 data=node_extra(55,extra=74)
[60] identifier span=0 data=str("n")
[61] identifier span=0 data=str("factorial")
[62] identifier span=0 data=str("n")
[63] int_literal span=0 data=str("1")
[64] binary_expr span=0 data=node_extra(62,extra=76)
[65] call_expr span=0 data=node_extra(61,extra=79)
[66] binary_expr span=0 data=node_extra(60,extra=82)
[67] return_stmt span=0 data=node(66)
[68] block span=0 data=extra(84)
[69] func_decl span=0 data=str_extra("factorial",extra=87)
[70] program span=0 data=extra(97)
Built: bin/libfunctions.a
