MirStore[53 nodes, 124 extra words]
[1] param_def class=plain type=0 coerce=0 span_ast=3 data=str_extra("x",extra=0)
[2] identifier class=plain type=0 coerce=0 span_ast=5 data=str_extra("x",extra=3)
[3] literal class=plain type=0 coerce=0 span_ast=6 data=str_extra("3",extra=4)
[4] binary class=plain type=1 coerce=0 span_ast=7 data=node_extra(2,extra=6)
[5] return_stmt class=plain type=0 coerce=0 span_ast=8 data=node(4)
[6] block class=plain type=0 coerce=0 span_ast=9 data=extra(9)
[7] func class=plain type=0 coerce=0 span_ast=10 data=str_extra("triple",extra=11)
[8] param_def class=plain type=0 coerce=0 span_ast=14 data=str_extra("f",extra=16)
[9] param_def class=plain type=0 coerce=0 span_ast=16 data=str_extra("x",extra=18)
[10] identifier class=plain type=0 coerce=0 span_ast=18 data=str_extra("f",extra=22)
[11] identifier class=plain type=0 coerce=0 span_ast=19 data=str_extra("x",extra=23)
[12] call class=plain type=2 coerce=0 span_ast=20 data=node_extra(10,extra=25)
[13] return_stmt class=plain type=0 coerce=0 span_ast=21 data=node(12)
[14] block class=plain type=0 coerce=0 span_ast=22 data=extra(28)
[15] func class=plain type=0 coerce=0 span_ast=23 data=str_extra("apply",extra=30)
[16] identifier class=plain type=1 coerce=0 span_ast=25 data=str_extra("triple",extra=35)
[17] var_decl class=plain type=2 coerce=0 span_ast=29 data=str_extra("f",extra=36)
[18] identifier class=plain type=2 coerce=0 span_ast=30 data=str_extra("f",extra=39)
[19] literal class=plain type=0 coerce=0 span_ast=31 data=str_extra("4",extra=40)
[20] call class=plain type=2 coerce=0 span_ast=32 data=node_extra(18,extra=43)
[21] return_stmt class=plain type=0 coerce=0 span_ast=33 data=node(20)
[22] block class=plain type=0 coerce=0 span_ast=34 data=extra(46)
[23] func class=plain type=0 coerce=0 span_ast=35 data=str_extra("call_via_ptr",extra=49)
[24] param_def class=plain type=0 coerce=0 span_ast=37 data=str_extra("name",extra=54)
[25] literal class=string type=3 coerce=0 span_ast=39 data=str_extra(""hello"",extra=56)
[26] param_def class=plain type=0 coerce=0 span_ast=40 data=str_extra("greeting",extra=58)
[27] identifier class=plain type=0 coerce=0 span_ast=42 data=str_extra("greeting",extra=62)
[28] literal class=plain type=0 coerce=0 span_ast=43 data=str_extra("" "",extra=63)
[29] binary class=plain type=0 coerce=0 span_ast=44 data=node_extra(27,extra=65)
[30] identifier class=plain type=0 coerce=0 span_ast=45 data=str_extra("name",extra=68)
[31] binary class=string type=3 coerce=0 span_ast=46 data=node_extra(29,extra=69)
[32] return_stmt class=plain type=0 coerce=0 span_ast=47 data=node(31)
[33] block class=plain type=0 coerce=0 span_ast=48 data=extra(72)
[34] func class=plain type=0 coerce=0 span_ast=49 data=str_extra("greet",extra=74)
[35] param_def class=plain type=0 coerce=0 span_ast=51 data=str_extra("n",extra=79)
[36] identifier class=plain type=0 coerce=0 span_ast=53 data=str_extra("n",extra=82)
[37] literal class=plain type=0 coerce=0 span_ast=54 data=str_extra("1",extra=83)
[38] binary class=plain type=4 coerce=0 span_ast=55 data=node_extra(36,extra=85)
[39] literal class=plain type=5 coerce=0 span_ast=56 data=str_extra("1",extra=88)
[40] return_stmt class=plain type=0 coerce=0 span_ast=57 data=node(39)
[41] block class=plain type=0 coerce=0 span_ast=58 data=extra(90)
[42] if_stmt class=plain type=0 coerce=0 span_ast=59 data=node_extra(38,extra=92)
[43] identifier class=plain type=0 coerce=0 span_ast=60 data=str_extra("n",extra=95)
[44] identifier class=plain type=0 coerce=0 span_ast=61 data=str_extra("factorial",extra=96)
[45] identifier class=plain type=0 coerce=0 span_ast=62 data=str_extra("n",extra=97)
[46] literal class=plain type=0 coerce=0 span_ast=63 data=str_extra("1",extra=98)
[47] binary class=plain type=0 coerce=0 span_ast=64 data=node_extra(45,extra=100)
[48] call class=plain type=0 coerce=0 span_ast=65 data=node_extra(44,extra=104)
[49] binary class=plain type=1 coerce=0 span_ast=66 data=node_extra(43,extra=107)
[50] return_stmt class=plain type=0 coerce=0 span_ast=67 data=node(49)
[51] block class=plain type=0 coerce=0 span_ast=68 data=extra(110)
[52] func class=plain type=0 coerce=0 span_ast=69 data=str_extra("factorial",extra=113)
[53] block class=plain type=0 coerce=0 span_ast=70 data=extra(118)
Built: bin/libfunctions.a
