MirStore[60 nodes, 149 extra words]
[1] param_def class=plain type=0 coerce=0 span_ast=7 data=str_extra("n",extra=0)
[2] identifier class=plain type=0 coerce=0 span_ast=9 data=str_extra("n",extra=3)
[3] literal class=plain type=0 coerce=0 span_ast=10 data=str_extra("2",extra=4)
[4] binary class=plain type=1 coerce=0 span_ast=11 data=node_extra(2,extra=6)
[5] return_stmt class=plain type=0 coerce=0 span_ast=12 data=node(4)
[6] block class=plain type=0 coerce=0 span_ast=13 data=extra(9)
[7] func class=plain type=0 coerce=0 span_ast=14 data=str_extra("doubled",extra=11)
[8] identifier class=plain type=0 coerce=0 span_ast=16 data=str_extra("i32",extra=16)
[9] compiler_fn class=plain type=0 coerce=0 span_ast=17 data=str_extra("size",extra=18)
[10] return_stmt class=plain type=0 coerce=0 span_ast=18 data=node(9)
[11] block class=plain type=0 coerce=0 span_ast=19 data=extra(20)
[12] func class=plain type=0 coerce=0 span_ast=20 data=str_extra("size_of_i32",extra=22)
[13] param_def class=plain type=0 coerce=0 span_ast=22 data=str_extra("T",extra=27)
[14] identifier class=plain type=0 coerce=0 span_ast=24 data=str_extra("T",extra=30)
[15] compiler_fn class=plain type=0 coerce=0 span_ast=25 data=str_extra("size",extra=32)
[16] literal class=plain type=0 coerce=0 span_ast=26 data=str_extra("32",extra=34)
[17] binary class=plain type=2 coerce=0 span_ast=27 data=node_extra(15,extra=36)
[18] literal class=plain type=0 coerce=0 span_ast=28 data=str_extra(""type too large"",extra=39)
[19] compiler_fn class=plain type=0 coerce=0 span_ast=29 data=str_extra("compileError",extra=42)
[20] block class=plain type=0 coerce=0 span_ast=30 data=extra(44)
[21] if_stmt class=plain type=0 coerce=0 span_ast=31 data=node_extra(17,extra=46)
[22] identifier class=plain type=3 coerce=0 span_ast=32 data=str_extra("T",extra=49)
[23] return_stmt class=plain type=0 coerce=0 span_ast=33 data=node(22)
[24] block class=plain type=0 coerce=0 span_ast=34 data=extra(50)
[25] func class=plain type=0 coerce=0 span_ast=35 data=str_extra("SizeCheck",extra=53)
[26] identifier class=plain type=0 coerce=0 span_ast=37 data=str_extra("SizeCheck",extra=58)
[27] identifier class=plain type=0 coerce=0 span_ast=38 data=str_extra("i32",extra=59)
[28] call class=plain type=5 coerce=0 span_ast=39 data=node_extra(26,extra=61)
[29] var_decl class=plain type=4 coerce=0 span_ast=41 data=str_extra("T",extra=64)
[30] literal class=plain type=6 coerce=0 span_ast=42 data=str_extra("42",extra=67)
[31] var_decl class=plain type=0 coerce=0 span_ast=44 data=str_extra("x",extra=69)
[32] identifier class=plain type=0 coerce=0 span_ast=45 data=str_extra("x",extra=72)
[33] return_stmt class=plain type=0 coerce=0 span_ast=46 data=node(32)
[34] block class=plain type=0 coerce=0 span_ast=47 data=extra(73)
[35] func class=plain type=0 coerce=0 span_ast=48 data=str_extra("check_type",extra=77)
[36] param_def class=plain type=0 coerce=0 span_ast=50 data=str_extra("T",extra=82)
[37] field_def class=plain type=0 coerce=0 span_ast=53 data=str_extra("inner",extra=85)
[38] param_def class=plain type=0 coerce=0 span_ast=56 data=str_extra("self",extra=88)
[39] identifier class=plain type=0 coerce=0 span_ast=58 data=str_extra("self",extra=91)
[40] field_access class=plain type=0 coerce=0 span_ast=59 data=str_extra("inner",extra=92)
[41] return_stmt class=plain type=0 coerce=0 span_ast=60 data=node(40)
[42] block class=plain type=0 coerce=0 span_ast=61 data=extra(94)
[43] func class=plain type=0 coerce=0 span_ast=62 data=str_extra("get",extra=96)
[44] inline_struct class=plain type=0 coerce=0 span_ast=63 data=extra(103)
[45] return_stmt class=plain type=0 coerce=0 span_ast=64 data=node(44)
[46] block class=plain type=0 coerce=0 span_ast=65 data=extra(105)
[47] func class=plain type=0 coerce=0 span_ast=66 data=str_extra("Wrapper",extra=107)
[48] identifier class=plain type=0 coerce=0 span_ast=68 data=str_extra("Wrapper",extra=112)
[49] identifier class=plain type=0 coerce=0 span_ast=69 data=str_extra("i32",extra=113)
[50] call class=plain type=0 coerce=0 span_ast=70 data=node_extra(48,extra=115)
[51] literal class=plain type=0 coerce=0 span_ast=71 data=str_extra("99",extra=118)
[52] call class=plain type=8 coerce=0 span_ast=72 data=node_extra(50,extra=122)
[53] var_decl class=plain type=7 coerce=0 span_ast=75 data=str_extra("w",extra=125)
[54] identifier class=plain type=7 coerce=0 span_ast=76 data=str_extra("w",extra=128)
[55] field_access class=plain type=0 coerce=0 span_ast=77 data=str_extra("get",extra=129)
[56] call class=plain type=0 coerce=0 span_ast=78 data=node_extra(55,extra=131)
[57] return_stmt class=plain type=0 coerce=0 span_ast=79 data=node(56)
[58] block class=plain type=0 coerce=0 span_ast=80 data=extra(134)
[59] func class=plain type=0 coerce=0 span_ast=81 data=str_extra("make_wrapper",extra=137)
[60] block class=plain type=0 coerce=0 span_ast=82 data=extra(142)
Built: bin/libcomptime.a
