AstStore[73 nodes, 122 extra words]
[1] module_decl span=0 data=str_node("comptime",0)
[2] type_named span=0 data=str("i32")
[3] param span=0 data=str_extra("n",extra=0)
[4] type_named span=0 data=str("i32")
[5] identifier span=0 data=str("n")
[6] int_literal span=0 data=str("2")
[7] binary_expr span=0 data=node_extra(5,extra=3)
[8] return_stmt span=0 data=node(7)
[9] block span=0 data=extra(5)
[10] func_decl span=0 data=str_extra("doubled",extra=7)
[11] type_named span=0 data=str("i32")
[12] identifier span=0 data=str("i32")
[13] compiler_func span=0 data=str_extra("size",extra=13)
[14] return_stmt span=0 data=node(13)
[15] block span=0 data=extra(15)
[16] func_decl span=0 data=str_extra("size_of_i32",extra=17)
[17] type_named span=0 data=str("any")
[18] param span=0 data=str_extra("val",extra=22)
[19] type_named span=0 data=str("bool")
[20] identifier span=0 data=str("val")
[21] compiler_func span=0 data=str_extra("typeOf",extra=26)
[22] type_named span=0 data=str("type")
[23] var_decl span=0 data=str_extra("T",extra=28)
[24] identifier span=0 data=str("T")
[25] identifier span=0 data=str("i32")
[26] binary_expr span=0 data=node_extra(24,extra=31)
[27] return_stmt span=0 data=node(26)
[28] block span=0 data=extra(33)
[29] func_decl span=0 data=str_extra("typeof_match",extra=36)
[30] type_named span=0 data=str("bool")
[31] int_literal span=0 data=str("42")
[32] type_named span=0 data=str("i32")
[33] var_decl span=0 data=str_extra("x",extra=41)
[34] identifier span=0 data=str("typeof_match")
[35] identifier span=0 data=str("x")
[36] call_expr span=0 data=node_extra(34,extra=45)
[37] return_stmt span=0 data=node(36)
[38] block span=0 data=extra(48)
[39] func_decl span=0 data=str_extra("check_type",extra=51)
[40] type_named span=0 data=str("type")
[41] param span=0 data=str_extra("T",extra=56)
[42] type_named span=0 data=str("type")
[43] type_named span=0 data=str("T")
[44] field_decl span=0 data=str_extra("inner",extra=59)
[45] type_named span=0 data=str("@this")
[46] type_ptr span=0 data=node_extra(45,extra=62)
[47] param span=0 data=str_extra("self",extra=63)
[48] type_named span=0 data=str("T")
[49] identifier span=0 data=str("self")
[50] field_expr span=0 data=str_node("inner",49)
[51] return_stmt span=0 data=node(50)
[52] block span=0 data=extra(66)
[53] func_decl span=0 data=str_extra("get",extra=68)
[54] struct_type span=0 data=extra(73)
[55] return_stmt span=0 data=node(54)
[56] block span=0 data=extra(76)
[57] func_decl span=0 data=str_extra("Wrapper",extra=78)
[58] type_named span=0 data=str("i32")
[59] identifier span=0 data=str("Wrapper")
[60] identifier span=0 data=str("i32")
[61] call_expr span=0 data=node_extra(59,extra=84)
[62] int_literal span=0 data=str("99")
[63] call_expr span=0 data=node_extra(61,extra=89)
[64] type_named span=0 data=str("i32")
[65] type_generic span=0 data=str_extra("Wrapper",extra=93)
[66] var_decl span=0 data=str_extra("w",extra=95)
[67] identifier span=0 data=str("w")
[68] field_expr span=0 data=str_node("get",67)
[69] call_expr span=0 data=node_extra(68,extra=98)
[70] return_stmt span=0 data=node(69)
[71] block span=0 data=extra(101)
[72] func_decl span=0 data=str_extra("make_wrapper",extra=104)
[73] program span=0 data=extra(115)
Built: bin/libcomptime.a
