AstStore[82 nodes, 137 extra words]
[1] module_decl span=0 data=str_node("comptime",0)
[2] version_literal span=0 data=extra(0)
[3] metadata span=0 data=node_extra(2,extra=3)
[4] identifier span=0 data=str("static")
[5] metadata span=0 data=node_extra(4,extra=4)
[6] type_named span=0 data=str("i32")
[7] param span=0 data=str_extra("n",extra=5)
[8] type_named span=0 data=str("i32")
[9] identifier span=0 data=str("n")
[10] int_literal span=0 data=str("2")
[11] binary_expr span=0 data=node_extra(9,extra=8)
[12] return_stmt span=0 data=node(11)
[13] block span=0 data=extra(10)
[14] func_decl span=0 data=str_extra("doubled",extra=12)
[15] type_named span=0 data=str("i32")
[16] identifier span=0 data=str("i32")
[17] compiler_func span=0 data=str_extra("size",extra=18)
[18] return_stmt span=0 data=node(17)
[19] block span=0 data=extra(20)
[20] func_decl span=0 data=str_extra("size_of_i32",extra=22)
[21] type_named span=0 data=str("type")
[22] param span=0 data=str_extra("T",extra=27)
[23] type_named span=0 data=str("type")
[24] identifier span=0 data=str("T")
[25] compiler_func span=0 data=str_extra("size",extra=31)
[26] int_literal span=0 data=str("32")
[27] binary_expr span=0 data=node_extra(25,extra=33)
[28] string_literal span=0 data=str(""type too large"")
[29] compiler_func span=0 data=str_extra("compileError",extra=36)
[30] block span=0 data=extra(38)
[31] if_stmt span=0 data=node_extra(27,extra=40)
[32] identifier span=0 data=str("T")
[33] return_stmt span=0 data=node(32)
[34] block span=0 data=extra(42)
[35] func_decl span=0 data=str_extra("SizeCheck",extra=45)
[36] type_named span=0 data=str("i32")
[37] identifier span=0 data=str("SizeCheck")
[38] identifier span=0 data=str("i32")
[39] call_expr span=0 data=node_extra(37,extra=51)
[40] type_named span=0 data=str("type")
[41] var_decl span=0 data=str_extra("T",extra=54)
[42] int_literal span=0 data=str("42")
[43] type_named span=0 data=str("T")
[44] var_decl span=0 data=str_extra("x",extra=57)
[45] identifier span=0 data=str("x")
[46] return_stmt span=0 data=node(45)
[47] block span=0 data=extra(60)
[48] func_decl span=0 data=str_extra("check_type",extra=64)
[49] type_named span=0 data=str("type")
[50] param span=0 data=str_extra("T",extra=69)
[51] type_named span=0 data=str("type")
[52] type_named span=0 data=str("T")
[53] field_decl span=0 data=str_extra("inner",extra=72)
[54] type_named span=0 data=str("@this")
[55] type_ptr span=0 data=node_extra(54,extra=75)
[56] param span=0 data=str_extra("self",extra=76)
[57] type_named span=0 data=str("T")
[58] identifier span=0 data=str("self")
[59] field_expr span=0 data=str_node("inner",58)
[60] return_stmt span=0 data=node(59)
[61] block span=0 data=extra(79)
[62] func_decl span=0 data=str_extra("get",extra=81)
[63] struct_type span=0 data=extra(86)
[64] return_stmt span=0 data=node(63)
[65] block span=0 data=extra(89)
[66] func_decl span=0 data=str_extra("Wrapper",extra=91)
[67] type_named span=0 data=str("i32")
[68] identifier span=0 data=str("Wrapper")
[69] identifier span=0 data=str("i32")
[70] call_expr span=0 data=node_extra(68,extra=97)
[71] int_literal span=0 data=str("99")
[72] call_expr span=0 data=node_extra(70,extra=102)
[73] type_named span=0 data=str("i32")
[74] type_generic span=0 data=str_extra("Wrapper",extra=106)
[75] var_decl span=0 data=str_extra("w",extra=108)
[76] identifier span=0 data=str("w")
[77] field_expr span=0 data=str_node("get",76)
[78] call_expr span=0 data=node_extra(77,extra=111)
[79] return_stmt span=0 data=node(78)
[80] block span=0 data=extra(114)
[81] func_decl span=0 data=str_extra("make_wrapper",extra=117)
[82] program span=0 data=extra(130)
Built: bin/libcomptime.a
