MirStore[55 nodes, 136 extra words]
[1] param_def class=plain type=0 coerce=0 span_ast=3 data=str_extra("n",extra=0)
[2] identifier class=plain type=0 coerce=0 span_ast=5 data=str_extra("n",extra=3)
[3] literal class=plain type=0 coerce=0 span_ast=6 data=str_extra("2",extra=4)
[4] binary class=plain type=1 coerce=0 span_ast=7 data=node_extra(2,extra=6)
[5] return_stmt class=plain type=0 coerce=0 span_ast=8 data=node(4)
[6] block class=plain type=0 coerce=0 span_ast=9 data=extra(9)
[7] func class=plain type=0 coerce=0 span_ast=10 data=str_extra("doubled",extra=11)
[8] identifier class=plain type=0 coerce=0 span_ast=12 data=str_extra("i32",extra=16)
[9] compiler_fn class=plain type=0 coerce=0 span_ast=13 data=str_extra("size",extra=18)
[10] return_stmt class=plain type=0 coerce=0 span_ast=14 data=node(9)
[11] block class=plain type=0 coerce=0 span_ast=15 data=extra(20)
[12] func class=plain type=0 coerce=0 span_ast=16 data=str_extra("size_of_i32",extra=22)
[13] param_def class=plain type=0 coerce=0 span_ast=18 data=str_extra("val",extra=27)
[14] identifier class=plain type=0 coerce=0 span_ast=20 data=str_extra("val",extra=30)
[15] compiler_fn class=plain type=0 coerce=0 span_ast=21 data=str_extra("typeOf",extra=32)
[16] var_decl class=plain type=2 coerce=0 span_ast=23 data=str_extra("T",extra=34)
[17] identifier class=plain type=2 coerce=0 span_ast=24 data=str_extra("T",extra=37)
[18] identifier class=plain type=0 coerce=0 span_ast=25 data=str_extra("i32",extra=38)
[19] binary class=plain type=3 coerce=0 span_ast=26 data=node_extra(17,extra=39)
[20] return_stmt class=plain type=0 coerce=0 span_ast=27 data=node(19)
[21] block class=plain type=0 coerce=0 span_ast=28 data=extra(42)
[22] func class=plain type=0 coerce=0 span_ast=29 data=str_extra("typeof_match",extra=45)
[23] literal class=plain type=4 coerce=0 span_ast=31 data=str_extra("42",extra=50)
[24] var_decl class=plain type=1 coerce=0 span_ast=33 data=str_extra("x",extra=52)
[25] identifier class=plain type=0 coerce=0 span_ast=34 data=str_extra("typeof_match",extra=55)
[26] identifier class=plain type=1 coerce=0 span_ast=35 data=str_extra("x",extra=56)
[27] call class=plain type=3 coerce=0 span_ast=36 data=node_extra(25,extra=58)
[28] return_stmt class=plain type=0 coerce=0 span_ast=37 data=node(27)
[29] block class=plain type=0 coerce=0 span_ast=38 data=extra(61)
[30] func class=plain type=0 coerce=0 span_ast=39 data=str_extra("check_type",extra=64)
[31] param_def class=plain type=0 coerce=0 span_ast=41 data=str_extra("T",extra=69)
[32] field_def class=plain type=0 coerce=0 span_ast=44 data=str_extra("inner",extra=72)
[33] param_def class=plain type=0 coerce=0 span_ast=47 data=str_extra("self",extra=75)
[34] identifier class=plain type=0 coerce=0 span_ast=49 data=str_extra("self",extra=78)
[35] field_access class=plain type=0 coerce=0 span_ast=50 data=str_extra("inner",extra=79)
[36] return_stmt class=plain type=0 coerce=0 span_ast=51 data=node(35)
[37] block class=plain type=0 coerce=0 span_ast=52 data=extra(81)
[38] func class=plain type=0 coerce=0 span_ast=53 data=str_extra("get",extra=83)
[39] inline_struct class=plain type=0 coerce=0 span_ast=54 data=extra(90)
[40] return_stmt class=plain type=0 coerce=0 span_ast=55 data=node(39)
[41] block class=plain type=0 coerce=0 span_ast=56 data=extra(92)
[42] func class=plain type=0 coerce=0 span_ast=57 data=str_extra("Wrapper",extra=94)
[43] identifier class=plain type=0 coerce=0 span_ast=59 data=str_extra("Wrapper",extra=99)
[44] identifier class=plain type=0 coerce=0 span_ast=60 data=str_extra("i32",extra=100)
[45] call class=plain type=0 coerce=0 span_ast=61 data=node_extra(43,extra=102)
[46] literal class=plain type=0 coerce=0 span_ast=62 data=str_extra("99",extra=105)
[47] call class=plain type=7 coerce=0 span_ast=63 data=node_extra(45,extra=109)
[48] var_decl class=plain type=6 coerce=0 span_ast=66 data=str_extra("w",extra=112)
[49] identifier class=plain type=6 coerce=0 span_ast=67 data=str_extra("w",extra=115)
[50] field_access class=plain type=0 coerce=0 span_ast=68 data=str_extra("get",extra=116)
[51] call class=plain type=0 coerce=0 span_ast=69 data=node_extra(50,extra=118)
[52] return_stmt class=plain type=0 coerce=0 span_ast=70 data=node(51)
[53] block class=plain type=0 coerce=0 span_ast=71 data=extra(121)
[54] func class=plain type=0 coerce=0 span_ast=72 data=str_extra("make_wrapper",extra=124)
[55] block class=plain type=0 coerce=0 span_ast=73 data=extra(129)
Built: bin/libcomptime.a
