MirStore[60 nodes, 145 extra words]
[1] param_def class=plain type=0 coerce=0 span_ast=7 data=str_extra("a",extra=0)
[2] param_def class=plain type=0 coerce=0 span_ast=9 data=str_extra("b",extra=2)
[3] identifier class=plain type=0 coerce=0 span_ast=13 data=str_extra("b",extra=6)
[4] literal class=plain type=0 coerce=0 span_ast=14 data=str_extra("0",extra=7)
[5] binary class=plain type=1 coerce=0 span_ast=15 data=node_extra(3,extra=9)
[6] literal class=plain type=0 coerce=0 span_ast=16 data=str_extra(""division by zero"",extra=12)
[7] return_stmt class=plain type=0 coerce=0 span_ast=17 data=node(6)
[8] block class=plain type=0 coerce=0 span_ast=18 data=extra(14)
[9] if_stmt class=plain type=0 coerce=0 span_ast=19 data=node_extra(5,extra=16)
[10] identifier class=plain type=0 coerce=0 span_ast=20 data=str_extra("a",extra=19)
[11] identifier class=plain type=0 coerce=0 span_ast=21 data=str_extra("b",extra=20)
[12] binary class=plain type=3 coerce=3 span_ast=22 data=node_extra(10,extra=21)
[13] return_stmt class=plain type=0 coerce=0 span_ast=23 data=node(12)
[14] block class=plain type=0 coerce=0 span_ast=24 data=extra(24)
[15] func class=plain type=0 coerce=0 span_ast=25 data=str_extra("safe_div",extra=27)
[16] param_def class=plain type=0 coerce=0 span_ast=27 data=str_extra("id",extra=32)
[17] identifier class=plain type=0 coerce=0 span_ast=31 data=str_extra("id",extra=35)
[18] literal class=plain type=0 coerce=0 span_ast=32 data=str_extra("0",extra=36)
[19] binary class=plain type=1 coerce=0 span_ast=33 data=node_extra(17,extra=38)
[20] identifier class=plain type=0 coerce=0 span_ast=34 data=str_extra("id",extra=41)
[21] literal class=plain type=0 coerce=0 span_ast=35 data=str_extra("10",extra=42)
[22] binary class=plain type=3 coerce=2 span_ast=36 data=node_extra(20,extra=44)
[23] return_stmt class=plain type=0 coerce=0 span_ast=37 data=node(22)
[24] block class=plain type=0 coerce=0 span_ast=38 data=extra(47)
[25] if_stmt class=plain type=0 coerce=0 span_ast=39 data=node_extra(19,extra=49)
[26] literal class=plain type=0 coerce=0 span_ast=40 data=str_extra("",extra=52)
[27] return_stmt class=plain type=0 coerce=0 span_ast=41 data=node(26)
[28] block class=plain type=0 coerce=0 span_ast=42 data=extra(54)
[29] func class=plain type=0 coerce=0 span_ast=43 data=str_extra("find_value",extra=57)
[30] param_def class=plain type=0 coerce=0 span_ast=45 data=str_extra("flag",extra=62)
[31] identifier class=plain type=1 coerce=0 span_ast=49 data=str_extra("flag",extra=65)
[32] literal class=plain type=5 coerce=6 span_ast=50 data=str_extra("42",extra=66)
[33] return_stmt class=plain type=0 coerce=0 span_ast=51 data=node(32)
[34] block class=plain type=0 coerce=0 span_ast=52 data=extra(68)
[35] if_stmt class=plain type=0 coerce=0 span_ast=53 data=node_extra(31,extra=70)
[36] literal class=string type=7 coerce=7 span_ast=54 data=str_extra(""hello"",extra=73)
[37] return_stmt class=plain type=0 coerce=0 span_ast=55 data=node(36)
[38] block class=plain type=0 coerce=0 span_ast=56 data=extra(75)
[39] func class=plain type=0 coerce=0 span_ast=57 data=str_extra("get_value",extra=78)
[40] param_def class=plain type=0 coerce=0 span_ast=59 data=str_extra("a",extra=83)
[41] param_def class=plain type=0 coerce=0 span_ast=61 data=str_extra("b",extra=85)
[42] identifier class=plain type=0 coerce=0 span_ast=65 data=str_extra("safe_div",extra=89)
[43] identifier class=plain type=0 coerce=0 span_ast=66 data=str_extra("a",extra=90)
[44] identifier class=plain type=0 coerce=0 span_ast=67 data=str_extra("b",extra=91)
[45] call class=error_union type=2 coerce=0 span_ast=68 data=node_extra(42,extra=94)
[46] var_decl class=error_union type=2 coerce=0 span_ast=69 data=str_extra("r",extra=97)
[47] identifier class=error_union type=2 coerce=0 span_ast=70 data=str_extra("r",extra=114)
[48] compiler_fn class=plain type=0 coerce=0 span_ast=71 data=str_extra("type",extra=116)
[49] identifier class=plain type=0 coerce=0 span_ast=72 data=str_extra("Error",extra=118)
[50] binary class=plain type=1 coerce=0 span_ast=73 data=node_extra(48,extra=119)
[51] identifier class=error_union type=2 coerce=0 span_ast=74 data=str_extra("r",extra=122)
[52] return_stmt class=plain type=0 coerce=0 span_ast=75 data=node(51)
[53] block class=plain type=0 coerce=0 span_ast=76 data=extra(123)
[54] if_stmt class=plain type=0 coerce=0 span_ast=77 data=node_extra(50,extra=125)
[55] identifier class=error_union type=2 coerce=0 span_ast=78 data=str_extra("r",extra=128)
[56] field_access class=plain type=0 coerce=0 span_ast=79 data=str_extra("i32",extra=129)
[57] return_stmt class=plain type=0 coerce=0 span_ast=80 data=node(56)
[58] block class=plain type=0 coerce=0 span_ast=81 data=extra(131)
[59] func class=plain type=0 coerce=0 span_ast=82 data=str_extra("propagate",extra=135)
[60] block class=plain type=0 coerce=0 span_ast=83 data=extra(140)
Built: bin/liberrors.a
