AstStore[79 nodes, 111 extra words]
[1] module_decl span=0 data=str_node("errors",0)
[2] type_named span=0 data=str("i32")
[3] param span=0 data=str_extra("a",extra=0)
[4] type_named span=0 data=str("i32")
[5] param span=0 data=str_extra("b",extra=2)
[6] type_named span=0 data=str("Error")
[7] type_named span=0 data=str("i32")
[8] type_union span=0 data=extra(6)
[9] identifier span=0 data=str("b")
[10] int_literal span=0 data=str("0")
[11] binary_expr span=0 data=node_extra(9,extra=9)
[12] error_literal span=0 data=str(""division by zero"")
[13] return_stmt span=0 data=node(12)
[14] block span=0 data=extra(11)
[15] if_stmt span=0 data=node_extra(11,extra=13)
[16] identifier span=0 data=str("a")
[17] identifier span=0 data=str("b")
[18] binary_expr span=0 data=node_extra(16,extra=15)
[19] return_stmt span=0 data=node(18)
[20] block span=0 data=extra(17)
[21] func_decl span=0 data=str_extra("safe_div",extra=20)
[22] type_named span=0 data=str("i32")
[23] param span=0 data=str_extra("id",extra=25)
[24] type_named span=0 data=str("null")
[25] type_named span=0 data=str("i32")
[26] type_union span=0 data=extra(28)
[27] identifier span=0 data=str("id")
[28] int_literal span=0 data=str("0")
[29] binary_expr span=0 data=node_extra(27,extra=31)
[30] identifier span=0 data=str("id")
[31] int_literal span=0 data=str("10")
[32] binary_expr span=0 data=node_extra(30,extra=33)
[33] return_stmt span=0 data=node(32)
[34] block span=0 data=extra(35)
[35] if_stmt span=0 data=node_extra(29,extra=37)
[36] null_literal span=0 data=none
[37] return_stmt span=0 data=node(36)
[38] block span=0 data=extra(39)
[39] func_decl span=0 data=str_extra("find_value",extra=42)
[40] type_named span=0 data=str("bool")
[41] param span=0 data=str_extra("flag",extra=47)
[42] type_named span=0 data=str("i32")
[43] type_named span=0 data=str("str")
[44] type_union span=0 data=extra(50)
[45] identifier span=0 data=str("flag")
[46] int_literal span=0 data=str("42")
[47] return_stmt span=0 data=node(46)
[48] block span=0 data=extra(53)
[49] if_stmt span=0 data=node_extra(45,extra=55)
[50] string_literal span=0 data=str(""hello"")
[51] return_stmt span=0 data=node(50)
[52] block span=0 data=extra(57)
[53] func_decl span=0 data=str_extra("get_value",extra=60)
[54] type_named span=0 data=str("i32")
[55] param span=0 data=str_extra("a",extra=65)
[56] type_named span=0 data=str("i32")
[57] param span=0 data=str_extra("b",extra=67)
[58] type_named span=0 data=str("Error")
[59] type_named span=0 data=str("i32")
[60] type_union span=0 data=extra(71)
[61] identifier span=0 data=str("safe_div")
[62] identifier span=0 data=str("a")
[63] identifier span=0 data=str("b")
[64] call_expr span=0 data=node_extra(61,extra=76)
[65] var_decl span=0 data=str_extra("r",extra=79)
[66] identifier span=0 data=str("r")
[67] compiler_func span=0 data=str_extra("type",extra=83)
[68] identifier span=0 data=str("Error")
[69] binary_expr span=0 data=node_extra(67,extra=85)
[70] identifier span=0 data=str("r")
[71] return_stmt span=0 data=node(70)
[72] block span=0 data=extra(87)
[73] if_stmt span=0 data=node_extra(69,extra=89)
[74] identifier span=0 data=str("r")
[75] field_expr span=0 data=str_node("i32",74)
[76] return_stmt span=0 data=node(75)
[77] block span=0 data=extra(91)
[78] func_decl span=0 data=str_extra("propagate",extra=95)
[79] program span=0 data=extra(104)
Built: bin/liberrors.a
