AstStore[83 nodes, 118 extra words]
[1] module_decl span=0 data=str_node("errors",0)
[2] version_literal span=0 data=extra(0)
[3] metadata span=0 data=node_extra(2,extra=3)
[4] identifier span=0 data=str("static")
[5] metadata span=0 data=node_extra(4,extra=4)
[6] type_named span=0 data=str("i32")
[7] param span=0 data=str_extra("a",extra=5)
[8] type_named span=0 data=str("i32")
[9] param span=0 data=str_extra("b",extra=7)
[10] type_named span=0 data=str("Error")
[11] type_named span=0 data=str("i32")
[12] type_union span=0 data=extra(11)
[13] identifier span=0 data=str("b")
[14] int_literal span=0 data=str("0")
[15] binary_expr span=0 data=node_extra(13,extra=14)
[16] error_literal span=0 data=str(""division by zero"")
[17] return_stmt span=0 data=node(16)
[18] block span=0 data=extra(16)
[19] if_stmt span=0 data=node_extra(15,extra=18)
[20] identifier span=0 data=str("a")
[21] identifier span=0 data=str("b")
[22] binary_expr span=0 data=node_extra(20,extra=20)
[23] return_stmt span=0 data=node(22)
[24] block span=0 data=extra(22)
[25] func_decl span=0 data=str_extra("safe_div",extra=25)
[26] type_named span=0 data=str("i32")
[27] param span=0 data=str_extra("id",extra=30)
[28] type_named span=0 data=str("null")
[29] type_named span=0 data=str("i32")
[30] type_union span=0 data=extra(33)
[31] identifier span=0 data=str("id")
[32] int_literal span=0 data=str("0")
[33] binary_expr span=0 data=node_extra(31,extra=36)
[34] identifier span=0 data=str("id")
[35] int_literal span=0 data=str("10")
[36] binary_expr span=0 data=node_extra(34,extra=38)
[37] return_stmt span=0 data=node(36)
[38] block span=0 data=extra(40)
[39] if_stmt span=0 data=node_extra(33,extra=42)
[40] null_literal span=0 data=none
[41] return_stmt span=0 data=node(40)
[42] block span=0 data=extra(44)
[43] func_decl span=0 data=str_extra("find_value",extra=47)
[44] type_named span=0 data=str("bool")
[45] param span=0 data=str_extra("flag",extra=52)
[46] type_named span=0 data=str("i32")
[47] type_named span=0 data=str("str")
[48] type_union span=0 data=extra(55)
[49] identifier span=0 data=str("flag")
[50] int_literal span=0 data=str("42")
[51] return_stmt span=0 data=node(50)
[52] block span=0 data=extra(58)
[53] if_stmt span=0 data=node_extra(49,extra=60)
[54] string_literal span=0 data=str(""hello"")
[55] return_stmt span=0 data=node(54)
[56] block span=0 data=extra(62)
[57] func_decl span=0 data=str_extra("get_value",extra=65)
[58] type_named span=0 data=str("i32")
[59] param span=0 data=str_extra("a",extra=70)
[60] type_named span=0 data=str("i32")
[61] param span=0 data=str_extra("b",extra=72)
[62] type_named span=0 data=str("Error")
[63] type_named span=0 data=str("i32")
[64] type_union span=0 data=extra(76)
[65] identifier span=0 data=str("safe_div")
[66] identifier span=0 data=str("a")
[67] identifier span=0 data=str("b")
[68] call_expr span=0 data=node_extra(65,extra=81)
[69] var_decl span=0 data=str_extra("r",extra=84)
[70] identifier span=0 data=str("r")
[71] compiler_func span=0 data=str_extra("type",extra=88)
[72] identifier span=0 data=str("Error")
[73] binary_expr span=0 data=node_extra(71,extra=90)
[74] identifier span=0 data=str("r")
[75] return_stmt span=0 data=node(74)
[76] block span=0 data=extra(92)
[77] if_stmt span=0 data=node_extra(73,extra=94)
[78] identifier span=0 data=str("r")
[79] field_expr span=0 data=str_node("i32",78)
[80] return_stmt span=0 data=node(79)
[81] block span=0 data=extra(96)
[82] func_decl span=0 data=str_extra("propagate",extra=100)
[83] program span=0 data=extra(111)
Built: bin/liberrors.a
