AstStore[75 nodes, 105 extra words]
[1] module_decl span=0 data=str_node("ownership",0)
[2] type_named span=0 data=str("f32")
[3] field_decl span=0 data=str_extra("x",extra=0)
[4] type_named span=0 data=str("f32")
[5] field_decl span=0 data=str_extra("y",extra=3)
[6] struct_decl span=0 data=str_extra("Vec2",extra=8)
[7] type_named span=0 data=str("Vec2")
[8] type_ptr span=0 data=node_extra(7,extra=15)
[9] param span=0 data=str_extra("v",extra=16)
[10] type_named span=0 data=str("f32")
[11] identifier span=0 data=str("v")
[12] field_expr span=0 data=str_node("x",11)
[13] identifier span=0 data=str("v")
[14] field_expr span=0 data=str_node("y",13)
[15] binary_expr span=0 data=node_extra(12,extra=19)
[16] return_stmt span=0 data=node(15)
[17] block span=0 data=extra(21)
[18] func_decl span=0 data=str_extra("read_vec",extra=23)
[19] type_named span=0 data=str("Vec2")
[20] type_ptr span=0 data=node_extra(19,extra=28)
[21] param span=0 data=str_extra("v",extra=29)
[22] type_named span=0 data=str("f32")
[23] param span=0 data=str_extra("factor",extra=31)
[24] type_named span=0 data=str("void")
[25] identifier span=0 data=str("v")
[26] field_expr span=0 data=str_node("x",25)
[27] identifier span=0 data=str("v")
[28] field_expr span=0 data=str_node("x",27)
[29] identifier span=0 data=str("factor")
[30] binary_expr span=0 data=node_extra(28,extra=35)
[31] assignment span=0 data=node_extra(26,extra=37)
[32] identifier span=0 data=str("v")
[33] field_expr span=0 data=str_node("y",32)
[34] identifier span=0 data=str("v")
[35] field_expr span=0 data=str_node("y",34)
[36] identifier span=0 data=str("factor")
[37] binary_expr span=0 data=node_extra(35,extra=39)
[38] assignment span=0 data=node_extra(33,extra=41)
[39] block span=0 data=extra(43)
[40] func_decl span=0 data=str_extra("scale_vec",extra=46)
[41] type_named span=0 data=str("f32")
[42] identifier span=0 data=str("Vec2")
[43] float_literal span=0 data=str("1.0")
[44] float_literal span=0 data=str("2.0")
[45] call_expr span=0 data=node_extra(42,extra=55)
[46] type_named span=0 data=str("Vec2")
[47] var_decl span=0 data=str_extra("a",extra=58)
[48] identifier span=0 data=str("a")
[49] compiler_func span=0 data=str_extra("copy",extra=62)
[50] type_named span=0 data=str("Vec2")
[51] var_decl span=0 data=str_extra("b",extra=64)
[52] identifier span=0 data=str("b")
[53] field_expr span=0 data=str_node("x",52)
[54] float_literal span=0 data=str("10.0")
[55] assignment span=0 data=node_extra(53,extra=67)
[56] identifier span=0 data=str("b")
[57] field_expr span=0 data=str_node("x",56)
[58] identifier span=0 data=str("a")
[59] field_expr span=0 data=str_node("x",58)
[60] binary_expr span=0 data=node_extra(57,extra=69)
[61] return_stmt span=0 data=node(60)
[62] block span=0 data=extra(71)
[63] func_decl span=0 data=str_extra("copy_demo",extra=76)
[64] type_named span=0 data=str("Vec2")
[65] param span=0 data=str_extra("v",extra=81)
[66] type_named span=0 data=str("f32")
[67] identifier span=0 data=str("v")
[68] field_expr span=0 data=str_node("x",67)
[69] identifier span=0 data=str("v")
[70] field_expr span=0 data=str_node("y",69)
[71] binary_expr span=0 data=node_extra(68,extra=84)
[72] return_stmt span=0 data=node(71)
[73] block span=0 data=extra(86)
[74] func_decl span=0 data=str_extra("by_value",extra=88)
[75] program span=0 data=extra(98)
Built: bin/libownership.a
