AstStore[44 nodes, 76 extra words]
[1] module_decl span=0 data=str_node("handles",0)
[2] version_literal span=0 data=extra(0)
[3] metadata span=0 data=node_extra(2,extra=3)
[4] identifier span=0 data=str("static")
[5] metadata span=0 data=node_extra(4,extra=4)
[6] handle_decl span=0 data=str_extra("ResourceHandle",extra=5)
[7] handle_decl span=0 data=str_extra("ConnectionHandle",extra=6)
[8] type_named span=0 data=str("ResourceHandle")
[9] identifier span=0 data=str("ResourceHandle")
[10] int_literal span=0 data=str("0")
[11] compiler_func span=0 data=str_extra("cast",extra=9)
[12] return_stmt span=0 data=node(11)
[13] block span=0 data=extra(11)
[14] func_decl span=0 data=str_extra("null_resource",extra=13)
[15] type_named span=0 data=str("ResourceHandle")
[16] param span=0 data=str_extra("r",extra=18)
[17] type_named span=0 data=str("bool")
[18] identifier span=0 data=str("r")
[19] identifier span=0 data=str("ResourceHandle")
[20] int_literal span=0 data=str("0")
[21] compiler_func span=0 data=str_extra("cast",extra=23)
[22] binary_expr span=0 data=node_extra(18,extra=25)
[23] return_stmt span=0 data=node(22)
[24] block span=0 data=extra(27)
[25] func_decl span=0 data=str_extra("is_valid",extra=29)
[26] type_named span=0 data=str("ConnectionHandle")
[27] identifier span=0 data=str("ConnectionHandle")
[28] int_literal span=0 data=str("0")
[29] compiler_func span=0 data=str_extra("cast",extra=36)
[30] return_stmt span=0 data=node(29)
[31] block span=0 data=extra(38)
[32] func_decl span=0 data=str_extra("null_conn",extra=40)
[33] type_named span=0 data=str("ConnectionHandle")
[34] param span=0 data=str_extra("c",extra=45)
[35] type_named span=0 data=str("bool")
[36] identifier span=0 data=str("c")
[37] identifier span=0 data=str("ConnectionHandle")
[38] int_literal span=0 data=str("0")
[39] compiler_func span=0 data=str_extra("cast",extra=50)
[40] binary_expr span=0 data=node_extra(36,extra=52)
[41] return_stmt span=0 data=node(40)
[42] block span=0 data=extra(54)
[43] func_decl span=0 data=str_extra("conn_valid",extra=56)
[44] program span=0 data=extra(69)
Built: bin/libhandles.a
