MirStore[33 nodes, 79 extra words]
[1] handle_def class=plain type=1 coerce=0 span_ast=6 data=str_extra("ResourceHandle",extra=0)
[2] handle_def class=plain type=2 coerce=0 span_ast=7 data=str_extra("ConnectionHandle",extra=1)
[3] identifier class=plain type=1 coerce=0 span_ast=9 data=str_extra("ResourceHandle",extra=2)
[4] literal class=plain type=0 coerce=0 span_ast=10 data=str_extra("0",extra=3)
[5] compiler_fn class=plain type=0 coerce=0 span_ast=11 data=str_extra("cast",extra=7)
[6] return_stmt class=plain type=0 coerce=0 span_ast=12 data=node(5)
[7] block class=plain type=0 coerce=0 span_ast=13 data=extra(9)
[8] func class=plain type=0 coerce=0 span_ast=14 data=str_extra("null_resource",extra=11)
[9] param_def class=plain type=0 coerce=0 span_ast=16 data=str_extra("r",extra=16)
[10] identifier class=plain type=0 coerce=0 span_ast=18 data=str_extra("r",extra=19)
[11] identifier class=plain type=1 coerce=0 span_ast=19 data=str_extra("ResourceHandle",extra=20)
[12] literal class=plain type=0 coerce=0 span_ast=20 data=str_extra("0",extra=21)
[13] compiler_fn class=plain type=0 coerce=0 span_ast=21 data=str_extra("cast",extra=25)
[14] binary class=plain type=3 coerce=0 span_ast=22 data=node_extra(10,extra=27)
[15] return_stmt class=plain type=0 coerce=0 span_ast=23 data=node(14)
[16] block class=plain type=0 coerce=0 span_ast=24 data=extra(30)
[17] func class=plain type=0 coerce=0 span_ast=25 data=str_extra("is_valid",extra=32)
[18] identifier class=plain type=2 coerce=0 span_ast=27 data=str_extra("ConnectionHandle",extra=37)
[19] literal class=plain type=0 coerce=0 span_ast=28 data=str_extra("0",extra=38)
[20] compiler_fn class=plain type=0 coerce=0 span_ast=29 data=str_extra("cast",extra=42)
[21] return_stmt class=plain type=0 coerce=0 span_ast=30 data=node(20)
[22] block class=plain type=0 coerce=0 span_ast=31 data=extra(44)
[23] func class=plain type=0 coerce=0 span_ast=32 data=str_extra("null_conn",extra=46)
[24] param_def class=plain type=0 coerce=0 span_ast=34 data=str_extra("c",extra=51)
[25] identifier class=plain type=0 coerce=0 span_ast=36 data=str_extra("c",extra=54)
[26] identifier class=plain type=2 coerce=0 span_ast=37 data=str_extra("ConnectionHandle",extra=55)
[27] literal class=plain type=0 coerce=0 span_ast=38 data=str_extra("0",extra=56)
[28] compiler_fn class=plain type=0 coerce=0 span_ast=39 data=str_extra("cast",extra=60)
[29] binary class=plain type=3 coerce=0 span_ast=40 data=node_extra(25,extra=62)
[30] return_stmt class=plain type=0 coerce=0 span_ast=41 data=node(29)
[31] block class=plain type=0 coerce=0 span_ast=42 data=extra(65)
[32] func class=plain type=0 coerce=0 span_ast=43 data=str_extra("conn_valid",extra=67)
[33] block class=plain type=0 coerce=0 span_ast=44 data=extra(72)
Built: bin/libhandles.a
