AstStore[40 nodes, 69 extra words]
[1] module_decl span=0 data=str_node("handles",0)
[2] handle_decl span=0 data=str_extra("ResourceHandle",extra=0)
[3] handle_decl span=0 data=str_extra("ConnectionHandle",extra=1)
[4] type_named span=0 data=str("ResourceHandle")
[5] identifier span=0 data=str("ResourceHandle")
[6] int_literal span=0 data=str("0")
[7] compiler_func span=0 data=str_extra("cast",extra=4)
[8] return_stmt span=0 data=node(7)
[9] block span=0 data=extra(6)
[10] func_decl span=0 data=str_extra("null_resource",extra=8)
[11] type_named span=0 data=str("ResourceHandle")
[12] param span=0 data=str_extra("r",extra=13)
[13] type_named span=0 data=str("bool")
[14] identifier span=0 data=str("r")
[15] identifier span=0 data=str("ResourceHandle")
[16] int_literal span=0 data=str("0")
[17] compiler_func span=0 data=str_extra("cast",extra=18)
[18] binary_expr span=0 data=node_extra(14,extra=20)
[19] return_stmt span=0 data=node(18)
[20] block span=0 data=extra(22)
[21] func_decl span=0 data=str_extra("is_valid",extra=24)
[22] type_named span=0 data=str("ConnectionHandle")
[23] identifier span=0 data=str("ConnectionHandle")
[24] int_literal span=0 data=str("0")
[25] compiler_func span=0 data=str_extra("cast",extra=31)
[26] return_stmt span=0 data=node(25)
[27] block span=0 data=extra(33)
[28] func_decl span=0 data=str_extra("null_conn",extra=35)
[29] type_named span=0 data=str("ConnectionHandle")
[30] param span=0 data=str_extra("c",extra=40)
[31] type_named span=0 data=str("bool")
[32] identifier span=0 data=str("c")
[33] identifier span=0 data=str("ConnectionHandle")
[34] int_literal span=0 data=str("0")
[35] compiler_func span=0 data=str_extra("cast",extra=45)
[36] binary_expr span=0 data=node_extra(32,extra=47)
[37] return_stmt span=0 data=node(36)
[38] block span=0 data=extra(49)
[39] func_decl span=0 data=str_extra("conn_valid",extra=51)
[40] program span=0 data=extra(62)
Built: bin/libhandles.a
