AstStore[24 nodes, 39 extra words]
[1] module_decl span=0 data=str_node("basic",0)
[2] type_named span=0 data=str("i32")
[3] param span=0 data=str_extra("a",extra=0)
[4] type_named span=0 data=str("i32")
[5] param span=0 data=str_extra("b",extra=2)
[6] type_named span=0 data=str("i32")
[7] identifier span=0 data=str("a")
[8] identifier span=0 data=str("b")
[9] binary_expr span=0 data=node_extra(7,extra=6)
[10] return_stmt span=0 data=node(9)
[11] block span=0 data=extra(8)
[12] func_decl span=0 data=str_extra("add",extra=10)
[13] type_named span=0 data=str("i32")
[14] param span=0 data=str_extra("a",extra=15)
[15] type_named span=0 data=str("i32")
[16] param span=0 data=str_extra("b",extra=17)
[17] type_named span=0 data=str("i32")
[18] identifier span=0 data=str("a")
[19] identifier span=0 data=str("b")
[20] binary_expr span=0 data=node_extra(18,extra=21)
[21] return_stmt span=0 data=node(20)
[22] block span=0 data=extra(23)
[23] func_decl span=0 data=str_extra("multiply",extra=25)
[24] program span=0 data=extra(32)
Built: bin/libbasic.a
