MirStore[17 nodes, 39 extra words]
[1] param_def class=plain type=0 coerce=0 span_ast=3 data=str_extra("a",extra=0)
[2] param_def class=plain type=0 coerce=0 span_ast=5 data=str_extra("b",extra=2)
[3] identifier class=plain type=0 coerce=0 span_ast=7 data=str_extra("a",extra=6)
[4] identifier class=plain type=0 coerce=0 span_ast=8 data=str_extra("b",extra=7)
[5] binary class=plain type=1 coerce=0 span_ast=9 data=node_extra(3,extra=8)
[6] return_stmt class=plain type=0 coerce=0 span_ast=10 data=node(5)
[7] block class=plain type=0 coerce=0 span_ast=11 data=extra(11)
[8] func class=plain type=0 coerce=0 span_ast=12 data=str_extra("add",extra=13)
[9] param_def class=plain type=0 coerce=0 span_ast=14 data=str_extra("a",extra=18)
[10] param_def class=plain type=0 coerce=0 span_ast=16 data=str_extra("b",extra=20)
[11] identifier class=plain type=0 coerce=0 span_ast=18 data=str_extra("a",extra=24)
[12] identifier class=plain type=0 coerce=0 span_ast=19 data=str_extra("b",extra=25)
[13] binary class=plain type=1 coerce=0 span_ast=20 data=node_extra(11,extra=26)
[14] return_stmt class=plain type=0 coerce=0 span_ast=21 data=node(13)
[15] block class=plain type=0 coerce=0 span_ast=22 data=extra(29)
[16] func class=plain type=0 coerce=0 span_ast=23 data=str_extra("multiply",extra=31)
[17] block class=plain type=0 coerce=0 span_ast=24 data=extra(36)
Built: bin/libbasic.a
