AstStore[54 nodes, 109 extra words]
[1] module_decl span=0 data=str_node("generics",0)
[2] version_literal span=0 data=extra(0)
[3] metadata span=0 data=node_extra(2,extra=3)
[4] identifier span=0 data=str("static")
[5] metadata span=0 data=node_extra(4,extra=4)
[6] type_named span=0 data=str("T")
[7] field_decl span=0 data=str_extra("value",extra=5)
[8] type_named span=0 data=str("Box")
[9] type_ptr span=0 data=node_extra(8,extra=8)
[10] param span=0 data=str_extra("self",extra=9)
[11] type_named span=0 data=str("T")
[12] identifier span=0 data=str("self")
[13] field_expr span=0 data=str_node("value",12)
[14] return_stmt span=0 data=node(13)
[15] block span=0 data=extra(12)
[16] func_decl span=0 data=str_extra("get",extra=14)
[17] type_named span=0 data=str("type")
[18] param span=0 data=str_extra("T",extra=21)
[19] struct_decl span=0 data=str_extra("Box",extra=24)
[20] type_named span=0 data=str("A")
[21] field_decl span=0 data=str_extra("first",extra=31)
[22] type_named span=0 data=str("B")
[23] field_decl span=0 data=str_extra("second",extra=34)
[24] type_named span=0 data=str("type")
[25] param span=0 data=str_extra("A",extra=39)
[26] type_named span=0 data=str("type")
[27] param span=0 data=str_extra("B",extra=41)
[28] struct_decl span=0 data=str_extra("Pair",extra=45)
[29] type_named span=0 data=str("i32")
[30] type_generic span=0 data=str_extra("Box",extra=53)
[31] identifier span=0 data=str("Box")
[32] int_literal span=0 data=str("42")
[33] call_expr span=0 data=node_extra(31,extra=57)
[34] return_stmt span=0 data=node(33)
[35] block span=0 data=extra(60)
[36] func_decl span=0 data=str_extra("make_int_box",extra=62)
[37] type_named span=0 data=str("i32")
[38] type_named span=0 data=str("str")
[39] type_generic span=0 data=str_extra("Pair",extra=69)
[40] identifier span=0 data=str("Pair")
[41] int_literal span=0 data=str("1")
[42] string_literal span=0 data=str(""hello"")
[43] call_expr span=0 data=node_extra(40,extra=75)
[44] return_stmt span=0 data=node(43)
[45] block span=0 data=extra(78)
[46] func_decl span=0 data=str_extra("make_pair",extra=80)
[47] type_named span=0 data=str("any")
[48] param span=0 data=str_extra("val",extra=85)
[49] type_named span=0 data=str("any")
[50] identifier span=0 data=str("val")
[51] return_stmt span=0 data=node(50)
[52] block span=0 data=extra(88)
[53] func_decl span=0 data=str_extra("identity",extra=90)
[54] program span=0 data=extra(102)
Built: bin/libgenerics.a
