MirStore[30 nodes, 94 extra words]
[1] field_def class=plain type=0 coerce=0 span_ast=7 data=str_extra("value",extra=0)
[2] param_def class=plain type=0 coerce=0 span_ast=10 data=str_extra("self",extra=3)
[3] identifier class=plain type=0 coerce=0 span_ast=12 data=str_extra("self",extra=6)
[4] field_access class=plain type=0 coerce=0 span_ast=13 data=str_extra("value",extra=7)
[5] return_stmt class=plain type=0 coerce=0 span_ast=14 data=node(4)
[6] block class=plain type=0 coerce=0 span_ast=15 data=extra(9)
[7] func class=plain type=0 coerce=0 span_ast=16 data=str_extra("get",extra=11)
[8] struct_def class=plain type=1 coerce=0 span_ast=19 data=str_extra("Box",extra=19)
[9] field_def class=plain type=0 coerce=0 span_ast=21 data=str_extra("first",extra=26)
[10] field_def class=plain type=0 coerce=0 span_ast=23 data=str_extra("second",extra=29)
[11] struct_def class=plain type=2 coerce=0 span_ast=28 data=str_extra("Pair",extra=36)
[12] identifier class=plain type=1 coerce=0 span_ast=31 data=str_extra("Box",extra=43)
[13] literal class=plain type=0 coerce=0 span_ast=32 data=str_extra("42",extra=44)
[14] call class=plain type=1 coerce=0 span_ast=33 data=node_extra(12,extra=48)
[15] return_stmt class=plain type=0 coerce=0 span_ast=34 data=node(14)
[16] block class=plain type=0 coerce=0 span_ast=35 data=extra(51)
[17] func class=plain type=0 coerce=0 span_ast=36 data=str_extra("make_int_box",extra=53)
[18] identifier class=plain type=2 coerce=0 span_ast=40 data=str_extra("Pair",extra=58)
[19] literal class=plain type=0 coerce=0 span_ast=41 data=str_extra("1",extra=59)
[20] literal class=plain type=0 coerce=0 span_ast=42 data=str_extra(""hello"",extra=61)
[21] call class=plain type=2 coerce=0 span_ast=43 data=node_extra(18,extra=67)
[22] return_stmt class=plain type=0 coerce=0 span_ast=44 data=node(21)
[23] block class=plain type=0 coerce=0 span_ast=45 data=extra(70)
[24] func class=plain type=0 coerce=0 span_ast=46 data=str_extra("make_pair",extra=72)
[25] param_def class=plain type=0 coerce=0 span_ast=48 data=str_extra("val",extra=77)
[26] identifier class=plain type=5 coerce=0 span_ast=50 data=str_extra("val",extra=80)
[27] return_stmt class=plain type=0 coerce=0 span_ast=51 data=node(26)
[28] block class=plain type=0 coerce=0 span_ast=52 data=extra(81)
[29] func class=plain type=0 coerce=0 span_ast=53 data=str_extra("identity",extra=83)
[30] block class=plain type=0 coerce=0 span_ast=54 data=extra(88)
Built: bin/libgenerics.a
