AstStore[50 nodes, 102 extra words]
[1] module_decl span=0 data=str_node("generics",0)
[2] type_named span=0 data=str("T")
[3] field_decl span=0 data=str_extra("value",extra=0)
[4] type_named span=0 data=str("Box")
[5] type_ptr span=0 data=node_extra(4,extra=3)
[6] param span=0 data=str_extra("self",extra=4)
[7] type_named span=0 data=str("T")
[8] identifier span=0 data=str("self")
[9] field_expr span=0 data=str_node("value",8)
[10] return_stmt span=0 data=node(9)
[11] block span=0 data=extra(7)
[12] func_decl span=0 data=str_extra("get",extra=9)
[13] type_named span=0 data=str("type")
[14] param span=0 data=str_extra("T",extra=16)
[15] struct_decl span=0 data=str_extra("Box",extra=19)
[16] type_named span=0 data=str("A")
[17] field_decl span=0 data=str_extra("first",extra=26)
[18] type_named span=0 data=str("B")
[19] field_decl span=0 data=str_extra("second",extra=29)
[20] type_named span=0 data=str("type")
[21] param span=0 data=str_extra("A",extra=34)
[22] type_named span=0 data=str("type")
[23] param span=0 data=str_extra("B",extra=36)
[24] struct_decl span=0 data=str_extra("Pair",extra=40)
[25] type_named span=0 data=str("i32")
[26] type_generic span=0 data=str_extra("Box",extra=48)
[27] identifier span=0 data=str("Box")
[28] int_literal span=0 data=str("42")
[29] call_expr span=0 data=node_extra(27,extra=52)
[30] return_stmt span=0 data=node(29)
[31] block span=0 data=extra(55)
[32] func_decl span=0 data=str_extra("make_int_box",extra=57)
[33] type_named span=0 data=str("i32")
[34] type_named span=0 data=str("str")
[35] type_generic span=0 data=str_extra("Pair",extra=64)
[36] identifier span=0 data=str("Pair")
[37] int_literal span=0 data=str("1")
[38] string_literal span=0 data=str(""hello"")
[39] call_expr span=0 data=node_extra(36,extra=70)
[40] return_stmt span=0 data=node(39)
[41] block span=0 data=extra(73)
[42] func_decl span=0 data=str_extra("make_pair",extra=75)
[43] type_named span=0 data=str("any")
[44] param span=0 data=str_extra("val",extra=80)
[45] type_named span=0 data=str("any")
[46] identifier span=0 data=str("val")
[47] return_stmt span=0 data=node(46)
[48] block span=0 data=extra(83)
[49] func_decl span=0 data=str_extra("identity",extra=85)
[50] program span=0 data=extra(95)
Built: bin/libgenerics.a
