MirStore[47 nodes, 92 extra words]
[1] enum_variant_def class=plain type=0 coerce=0 span_ast=3 data=str_node("Red",0)
[2] enum_variant_def class=plain type=0 coerce=0 span_ast=4 data=str_node("Green",0)
[3] enum_variant_def class=plain type=0 coerce=0 span_ast=5 data=str_node("Blue",0)
[4] enum_def class=plain type=1 coerce=0 span_ast=6 data=str_extra("Color",extra=3)
[5] literal class=plain type=0 coerce=0 span_ast=8 data=str_extra("0",extra=7)
[6] enum_variant_def class=plain type=0 coerce=0 span_ast=9 data=str_node("Ok",5)
[7] literal class=plain type=0 coerce=0 span_ast=10 data=str_extra("1",extra=9)
[8] enum_variant_def class=plain type=0 coerce=0 span_ast=11 data=str_node("Err",7)
[9] literal class=plain type=0 coerce=0 span_ast=12 data=str_extra("2",extra=11)
[10] enum_variant_def class=plain type=0 coerce=0 span_ast=13 data=str_node("Pending",9)
[11] enum_def class=plain type=2 coerce=0 span_ast=14 data=str_extra("Status",extra=16)
[12] identifier class=plain type=1 coerce=0 span_ast=16 data=str_extra("Red",extra=20)
[13] var_decl class=plain type=1 coerce=0 span_ast=18 data=str_extra("c",extra=21)
[14] identifier class=plain type=1 coerce=0 span_ast=19 data=str_extra("c",extra=24)
[15] return_stmt class=plain type=0 coerce=0 span_ast=20 data=node(14)
[16] block class=plain type=0 coerce=0 span_ast=21 data=extra(25)
[17] func class=plain type=0 coerce=0 span_ast=22 data=str_extra("make_color",extra=28)
[18] param_def class=plain type=0 coerce=0 span_ast=24 data=str_extra("c",extra=33)
[19] identifier class=plain type=1 coerce=0 span_ast=26 data=str_extra("c",extra=36)
[20] identifier class=plain type=0 coerce=0 span_ast=27 data=str_extra("Red",extra=37)
[21] literal class=plain type=3 coerce=0 span_ast=28 data=str_extra("1",extra=38)
[22] return_stmt class=plain type=0 coerce=0 span_ast=29 data=node(21)
[23] block class=plain type=0 coerce=0 span_ast=30 data=extra(40)
[24] match_arm class=plain type=0 coerce=0 span_ast=31 data=node_extra(20,extra=42)
[25] identifier class=plain type=0 coerce=0 span_ast=32 data=str_extra("Green",extra=44)
[26] literal class=plain type=3 coerce=0 span_ast=33 data=str_extra("2",extra=45)
[27] return_stmt class=plain type=0 coerce=0 span_ast=34 data=node(26)
[28] block class=plain type=0 coerce=0 span_ast=35 data=extra(47)
[29] match_arm class=plain type=0 coerce=0 span_ast=36 data=node_extra(25,extra=49)
[30] identifier class=plain type=0 coerce=0 span_ast=37 data=str_extra("Blue",extra=51)
[31] literal class=plain type=3 coerce=0 span_ast=38 data=str_extra("3",extra=52)
[32] return_stmt class=plain type=0 coerce=0 span_ast=39 data=node(31)
[33] block class=plain type=0 coerce=0 span_ast=40 data=extra(54)
[34] match_arm class=plain type=0 coerce=0 span_ast=41 data=node_extra(30,extra=56)
[35] identifier class=plain type=0 coerce=0 span_ast=42 data=str_extra("else",extra=58)
[36] literal class=plain type=3 coerce=0 span_ast=43 data=str_extra("0",extra=59)
[37] return_stmt class=plain type=0 coerce=0 span_ast=44 data=node(36)
[38] block class=plain type=0 coerce=0 span_ast=45 data=extra(61)
[39] match_arm class=plain type=0 coerce=0 span_ast=46 data=node_extra(35,extra=63)
[40] match_stmt class=plain type=0 coerce=0 span_ast=47 data=node_extra(19,extra=69)
[41] block class=plain type=0 coerce=0 span_ast=48 data=extra(71)
[42] func class=plain type=0 coerce=0 span_ast=49 data=str_extra("color_to_int",extra=73)
[43] identifier class=plain type=2 coerce=0 span_ast=51 data=str_extra("Ok",extra=78)
[44] return_stmt class=plain type=0 coerce=0 span_ast=52 data=node(43)
[45] block class=plain type=0 coerce=0 span_ast=53 data=extra(79)
[46] func class=plain type=0 coerce=0 span_ast=54 data=str_extra("status_ok",extra=81)
[47] block class=plain type=0 coerce=0 span_ast=55 data=extra(86)
Built: bin/libenums.a
