AstStore[55 nodes, 82 extra words]
[1] module_decl span=0 data=str_node("enums",0)
[2] type_named span=0 data=str("u8")
[3] enum_variant span=0 data=str_extra("Red",extra=0)
[4] enum_variant span=0 data=str_extra("Green",extra=1)
[5] enum_variant span=0 data=str_extra("Blue",extra=2)
[6] enum_decl span=0 data=str_extra("Color",extra=6)
[7] type_named span=0 data=str("u32")
[8] int_literal span=0 data=str("0")
[9] enum_variant span=0 data=str_extra("Ok",extra=10)
[10] int_literal span=0 data=str("1")
[11] enum_variant span=0 data=str_extra("Err",extra=11)
[12] int_literal span=0 data=str("2")
[13] enum_variant span=0 data=str_extra("Pending",extra=12)
[14] enum_decl span=0 data=str_extra("Status",extra=16)
[15] type_named span=0 data=str("Color")
[16] identifier span=0 data=str("Red")
[17] type_named span=0 data=str("Color")
[18] var_decl span=0 data=str_extra("c",extra=20)
[19] identifier span=0 data=str("c")
[20] return_stmt span=0 data=node(19)
[21] block span=0 data=extra(23)
[22] func_decl span=0 data=str_extra("make_color",extra=26)
[23] type_named span=0 data=str("Color")
[24] param span=0 data=str_extra("c",extra=31)
[25] type_named span=0 data=str("i32")
[26] identifier span=0 data=str("c")
[27] identifier span=0 data=str("Red")
[28] int_literal span=0 data=str("1")
[29] return_stmt span=0 data=node(28)
[30] block span=0 data=extra(34)
[31] match_arm span=0 data=node_extra(27,extra=36)
[32] identifier span=0 data=str("Green")
[33] int_literal span=0 data=str("2")
[34] return_stmt span=0 data=node(33)
[35] block span=0 data=extra(38)
[36] match_arm span=0 data=node_extra(32,extra=40)
[37] identifier span=0 data=str("Blue")
[38] int_literal span=0 data=str("3")
[39] return_stmt span=0 data=node(38)
[40] block span=0 data=extra(42)
[41] match_arm span=0 data=node_extra(37,extra=44)
[42] identifier span=0 data=str("else")
[43] int_literal span=0 data=str("0")
[44] return_stmt span=0 data=node(43)
[45] block span=0 data=extra(46)
[46] match_arm span=0 data=node_extra(42,extra=48)
[47] match_stmt span=0 data=node_extra(26,extra=54)
[48] block span=0 data=extra(56)
[49] func_decl span=0 data=str_extra("color_to_int",extra=58)
[50] type_named span=0 data=str("Status")
[51] identifier span=0 data=str("Ok")
[52] return_stmt span=0 data=node(51)
[53] block span=0 data=extra(63)
[54] func_decl span=0 data=str_extra("status_ok",extra=65)
[55] program span=0 data=extra(75)
Built: bin/libenums.a
