MirStore[66 nodes, 159 extra words]
[1] field_def class=plain type=0 coerce=0 span_ast=3 data=str_extra("count",extra=0)
[2] struct_def class=plain type=1 coerce=0 span_ast=4 data=str_extra("Counter",extra=4)
[3] param_def class=plain type=0 coerce=0 span_ast=7 data=str_extra("c",extra=11)
[4] identifier class=plain type=0 coerce=0 span_ast=9 data=str_extra("c",extra=14)
[5] field_access class=plain type=0 coerce=0 span_ast=10 data=str_extra("count",extra=15)
[6] return_stmt class=plain type=0 coerce=0 span_ast=11 data=node(5)
[7] block class=plain type=0 coerce=0 span_ast=12 data=extra(17)
[8] func class=plain type=0 coerce=0 span_ast=13 data=str_extra("read_count",extra=19)
[9] param_def class=plain type=0 coerce=0 span_ast=16 data=str_extra("c",extra=24)
[10] param_def class=plain type=0 coerce=0 span_ast=18 data=str_extra("n",extra=26)
[11] identifier class=plain type=0 coerce=0 span_ast=20 data=str_extra("c",extra=30)
[12] field_access class=plain type=0 coerce=0 span_ast=21 data=str_extra("count",extra=31)
[13] identifier class=plain type=0 coerce=0 span_ast=22 data=str_extra("c",extra=33)
[14] field_access class=plain type=0 coerce=0 span_ast=23 data=str_extra("count",extra=34)
[15] identifier class=plain type=0 coerce=0 span_ast=24 data=str_extra("n",extra=36)
[16] binary class=plain type=0 coerce=0 span_ast=25 data=node_extra(14,extra=37)
[17] assignment class=plain type=0 coerce=0 span_ast=26 data=node_extra(12,extra=40)
[18] block class=plain type=0 coerce=0 span_ast=27 data=extra(42)
[19] func class=plain type=0 coerce=0 span_ast=28 data=str_extra("add_to",extra=44)
[20] param_def class=plain type=0 coerce=0 span_ast=31 data=str_extra("a",extra=49)
[21] param_def class=plain type=0 coerce=0 span_ast=34 data=str_extra("b",extra=51)
[22] identifier class=plain type=0 coerce=0 span_ast=36 data=str_extra("a",extra=55)
[23] field_access class=plain type=0 coerce=0 span_ast=37 data=str_extra("count",extra=56)
[24] identifier class=plain type=0 coerce=0 span_ast=38 data=str_extra("b",extra=58)
[25] field_access class=plain type=0 coerce=0 span_ast=39 data=str_extra("count",extra=59)
[26] binary class=plain type=0 coerce=0 span_ast=40 data=node_extra(23,extra=61)
[27] return_stmt class=plain type=0 coerce=0 span_ast=41 data=node(26)
[28] block class=plain type=0 coerce=0 span_ast=42 data=extra(64)
[29] func class=plain type=0 coerce=0 span_ast=43 data=str_extra("multi_read",extra=66)
[30] identifier class=plain type=1 coerce=0 span_ast=45 data=str_extra("Counter",extra=71)
[31] literal class=plain type=0 coerce=0 span_ast=46 data=str_extra("0",extra=72)
[32] call class=plain type=1 coerce=0 span_ast=47 data=node_extra(30,extra=76)
[33] var_decl class=plain type=1 coerce=0 span_ast=49 data=str_extra("c",extra=79)
[34] identifier class=plain type=0 coerce=0 span_ast=50 data=str_extra("read_count",extra=82)
[35] identifier class=plain type=1 coerce=0 span_ast=51 data=str_extra("c",extra=83)
[36] borrow class=plain type=0 coerce=0 span_ast=52 data=node_extra(35,extra=84)
[37] call class=plain type=2 coerce=0 span_ast=53 data=node_extra(34,extra=86)
[38] var_decl class=plain type=2 coerce=0 span_ast=55 data=str_extra("before",extra=89)
[39] identifier class=plain type=1 coerce=0 span_ast=56 data=str_extra("c",extra=92)
[40] field_access class=plain type=2 coerce=0 span_ast=57 data=str_extra("count",extra=93)
[41] identifier class=plain type=2 coerce=0 span_ast=58 data=str_extra("before",extra=95)
[42] literal class=plain type=0 coerce=0 span_ast=59 data=str_extra("10",extra=96)
[43] binary class=plain type=2 coerce=0 span_ast=60 data=node_extra(41,extra=98)
[44] assignment class=plain type=0 coerce=0 span_ast=61 data=node_extra(40,extra=101)
[45] identifier class=plain type=1 coerce=0 span_ast=62 data=str_extra("c",extra=103)
[46] field_access class=plain type=2 coerce=0 span_ast=63 data=str_extra("count",extra=104)
[47] return_stmt class=plain type=0 coerce=0 span_ast=64 data=node(46)
[48] block class=plain type=0 coerce=0 span_ast=65 data=extra(106)
[49] func class=plain type=0 coerce=0 span_ast=66 data=str_extra("scope_rebind",extra=111)
[50] identifier class=plain type=1 coerce=0 span_ast=68 data=str_extra("Counter",extra=116)
[51] literal class=plain type=0 coerce=0 span_ast=69 data=str_extra("5",extra=117)
[52] call class=plain type=1 coerce=0 span_ast=70 data=node_extra(50,extra=121)
[53] var_decl class=plain type=1 coerce=0 span_ast=72 data=str_extra("c",extra=124)
[54] identifier class=plain type=1 coerce=0 span_ast=73 data=str_extra("c",extra=127)
[55] field_access class=plain type=2 coerce=0 span_ast=74 data=str_extra("count",extra=128)
[56] identifier class=plain type=1 coerce=0 span_ast=75 data=str_extra("c",extra=130)
[57] field_access class=plain type=0 coerce=0 span_ast=76 data=str_extra("count",extra=131)
[58] literal class=plain type=0 coerce=0 span_ast=77 data=str_extra("3",extra=133)
[59] binary class=plain type=2 coerce=0 span_ast=78 data=node_extra(57,extra=135)
[60] assignment class=plain type=0 coerce=0 span_ast=79 data=node_extra(55,extra=138)
[61] identifier class=plain type=1 coerce=0 span_ast=80 data=str_extra("c",extra=140)
[62] field_access class=plain type=2 coerce=0 span_ast=81 data=str_extra("count",extra=141)
[63] return_stmt class=plain type=0 coerce=0 span_ast=82 data=node(62)
[64] block class=plain type=0 coerce=0 span_ast=83 data=extra(143)
[65] func class=plain type=0 coerce=0 span_ast=84 data=str_extra("mutate_then_read",extra=147)
[66] block class=plain type=0 coerce=0 span_ast=85 data=extra(152)
Built: bin/libborrow.a
