AstStore[85 nodes, 120 extra words]
[1] module_decl span=0 data=str_node("borrow",0)
[2] type_named span=0 data=str("i32")
[3] field_decl span=0 data=str_extra("count",extra=0)
[4] struct_decl span=0 data=str_extra("Counter",extra=4)
[5] type_named span=0 data=str("Counter")
[6] type_ptr span=0 data=node_extra(5,extra=11)
[7] param span=0 data=str_extra("c",extra=12)
[8] type_named span=0 data=str("i32")
[9] identifier span=0 data=str("c")
[10] field_expr span=0 data=str_node("count",9)
[11] return_stmt span=0 data=node(10)
[12] block span=0 data=extra(15)
[13] func_decl span=0 data=str_extra("read_count",extra=17)
[14] type_named span=0 data=str("Counter")
[15] type_ptr span=0 data=node_extra(14,extra=22)
[16] param span=0 data=str_extra("c",extra=23)
[17] type_named span=0 data=str("i32")
[18] param span=0 data=str_extra("n",extra=25)
[19] type_named span=0 data=str("void")
[20] identifier span=0 data=str("c")
[21] field_expr span=0 data=str_node("count",20)
[22] identifier span=0 data=str("c")
[23] field_expr span=0 data=str_node("count",22)
[24] identifier span=0 data=str("n")
[25] binary_expr span=0 data=node_extra(23,extra=29)
[26] assignment span=0 data=node_extra(21,extra=31)
[27] block span=0 data=extra(33)
[28] func_decl span=0 data=str_extra("add_to",extra=35)
[29] type_named span=0 data=str("Counter")
[30] type_ptr span=0 data=node_extra(29,extra=40)
[31] param span=0 data=str_extra("a",extra=41)
[32] type_named span=0 data=str("Counter")
[33] type_ptr span=0 data=node_extra(32,extra=43)
[34] param span=0 data=str_extra("b",extra=44)
[35] type_named span=0 data=str("i32")
[36] identifier span=0 data=str("a")
[37] field_expr span=0 data=str_node("count",36)
[38] identifier span=0 data=str("b")
[39] field_expr span=0 data=str_node("count",38)
[40] binary_expr span=0 data=node_extra(37,extra=48)
[41] return_stmt span=0 data=node(40)
[42] block span=0 data=extra(50)
[43] func_decl span=0 data=str_extra("multi_read",extra=52)
[44] type_named span=0 data=str("i32")
[45] identifier span=0 data=str("Counter")
[46] int_literal span=0 data=str("0")
[47] call_expr span=0 data=node_extra(45,extra=59)
[48] type_named span=0 data=str("Counter")
[49] var_decl span=0 data=str_extra("c",extra=62)
[50] identifier span=0 data=str("read_count")
[51] identifier span=0 data=str("c")
[52] const_borrow_expr span=0 data=node(51)
[53] call_expr span=0 data=node_extra(50,extra=66)
[54] type_named span=0 data=str("i32")
[55] var_decl span=0 data=str_extra("before",extra=69)
[56] identifier span=0 data=str("c")
[57] field_expr span=0 data=str_node("count",56)
[58] identifier span=0 data=str("before")
[59] int_literal span=0 data=str("10")
[60] binary_expr span=0 data=node_extra(58,extra=72)
[61] assignment span=0 data=node_extra(57,extra=74)
[62] identifier span=0 data=str("c")
[63] field_expr span=0 data=str_node("count",62)
[64] return_stmt span=0 data=node(63)
[65] block span=0 data=extra(76)
[66] func_decl span=0 data=str_extra("scope_rebind",extra=81)
[67] type_named span=0 data=str("i32")
[68] identifier span=0 data=str("Counter")
[69] int_literal span=0 data=str("5")
[70] call_expr span=0 data=node_extra(68,extra=88)
[71] type_named span=0 data=str("Counter")
[72] var_decl span=0 data=str_extra("c",extra=91)
[73] identifier span=0 data=str("c")
[74] field_expr span=0 data=str_node("count",73)
[75] identifier span=0 data=str("c")
[76] field_expr span=0 data=str_node("count",75)
[77] int_literal span=0 data=str("3")
[78] binary_expr span=0 data=node_extra(76,extra=94)
[79] assignment span=0 data=node_extra(74,extra=96)
[80] identifier span=0 data=str("c")
[81] field_expr span=0 data=str_node("count",80)
[82] return_stmt span=0 data=node(81)
[83] block span=0 data=extra(98)
[84] func_decl span=0 data=str_extra("mutate_then_read",extra=102)
[85] program span=0 data=extra(113)
Built: bin/libborrow.a
