AstStore[29 nodes, 67 extra words]
[1] module_decl span=0 data=str_node("interpolation",0)
[2] type_named span=0 data=str("str")
[3] param span=0 data=str_extra("name",extra=0)
[4] type_named span=0 data=str("str")
[5] identifier span=0 data=str("name")
[6] interpolated_string span=0 data=extra(9)
[7] return_stmt span=0 data=node(6)
[8] block span=0 data=extra(11)
[9] func_decl span=0 data=str_extra("greet",extra=13)
[10] type_named span=0 data=str("i32")
[11] param span=0 data=str_extra("x",extra=18)
[12] type_named span=0 data=str("str")
[13] identifier span=0 data=str("x")
[14] interpolated_string span=0 data=extra(25)
[15] return_stmt span=0 data=node(14)
[16] block span=0 data=extra(27)
[17] func_decl span=0 data=str_extra("fmt_int",extra=29)
[18] type_named span=0 data=str("str")
[19] param span=0 data=str_extra("a",extra=34)
[20] type_named span=0 data=str("i32")
[21] param span=0 data=str_extra("b",extra=36)
[22] type_named span=0 data=str("str")
[23] identifier span=0 data=str("a")
[24] identifier span=0 data=str("b")
[25] interpolated_string span=0 data=extra(48)
[26] return_stmt span=0 data=node(25)
[27] block span=0 data=extra(50)
[28] func_decl span=0 data=str_extra("multi",extra=52)
[29] program span=0 data=extra(60)
Built: bin/libinterpolation.a
