MirStore[21 nodes, 65 extra words]
[1] param_def class=plain type=0 coerce=0 span_ast=3 data=str_extra("name",extra=0)
[2] identifier class=plain type=0 coerce=0 span_ast=5 data=str_extra("name",extra=3)
[3] interpolation class=string type=1 coerce=0 span_ast=6 data=extra(10)
[4] return_stmt class=plain type=0 coerce=0 span_ast=7 data=node(3)
[5] block class=plain type=0 coerce=0 span_ast=8 data=extra(12)
[6] func class=plain type=0 coerce=0 span_ast=9 data=str_extra("greet",extra=14)
[7] param_def class=plain type=0 coerce=0 span_ast=11 data=str_extra("x",extra=19)
[8] identifier class=plain type=0 coerce=0 span_ast=13 data=str_extra("x",extra=22)
[9] interpolation class=string type=1 coerce=0 span_ast=14 data=extra(27)
[10] return_stmt class=plain type=0 coerce=0 span_ast=15 data=node(9)
[11] block class=plain type=0 coerce=0 span_ast=16 data=extra(29)
[12] func class=plain type=0 coerce=0 span_ast=17 data=str_extra("fmt_int",extra=31)
[13] param_def class=plain type=0 coerce=0 span_ast=19 data=str_extra("a",extra=36)
[14] param_def class=plain type=0 coerce=0 span_ast=21 data=str_extra("b",extra=38)
[15] identifier class=plain type=0 coerce=0 span_ast=23 data=str_extra("a",extra=42)
[16] identifier class=plain type=0 coerce=0 span_ast=24 data=str_extra("b",extra=43)
[17] interpolation class=string type=1 coerce=0 span_ast=25 data=extra(52)
[18] return_stmt class=plain type=0 coerce=0 span_ast=26 data=node(17)
[19] block class=plain type=0 coerce=0 span_ast=27 data=extra(54)
[20] func class=plain type=0 coerce=0 span_ast=28 data=str_extra("multi",extra=56)
[21] block class=plain type=0 coerce=0 span_ast=29 data=extra(61)
Built: bin/libinterpolation.a
