AstStore[80 nodes, 138 extra words]
[1] module_decl span=0 data=str_node("tuples",0)
[2] version_literal span=0 data=extra(0)
[3] metadata span=0 data=node_extra(2,extra=3)
[4] identifier span=0 data=str("static")
[5] metadata span=0 data=node_extra(4,extra=4)
[6] type_named span=0 data=str("i32")
[7] field_decl span=0 data=str_extra("min",extra=5)
[8] type_named span=0 data=str("i32")
[9] field_decl span=0 data=str_extra("max",extra=8)
[10] type_tuple_named span=0 data=extra(13)
[11] type_named span=0 data=str("type")
[12] var_decl span=0 data=str_extra("MinMax",extra=15)
[13] type_named span=0 data=str("f32")
[14] field_decl span=0 data=str_extra("x",extra=18)
[15] type_named span=0 data=str("f32")
[16] field_decl span=0 data=str_extra("y",extra=21)
[17] type_tuple_named span=0 data=extra(26)
[18] type_named span=0 data=str("type")
[19] var_decl span=0 data=str_extra("Point2",extra=28)
[20] type_named span=0 data=str("i32")
[21] param span=0 data=str_extra("a",extra=31)
[22] type_named span=0 data=str("i32")
[23] param span=0 data=str_extra("b",extra=33)
[24] type_named span=0 data=str("MinMax")
[25] identifier span=0 data=str("a")
[26] identifier span=0 data=str("b")
[27] binary_expr span=0 data=node_extra(25,extra=37)
[28] identifier span=0 data=str("MinMax")
[29] identifier span=0 data=str("a")
[30] identifier span=0 data=str("b")
[31] call_expr span=0 data=node_extra(28,extra=43)
[32] return_stmt span=0 data=node(31)
[33] block span=0 data=extra(46)
[34] if_stmt span=0 data=node_extra(27,extra=48)
[35] identifier span=0 data=str("MinMax")
[36] identifier span=0 data=str("b")
[37] identifier span=0 data=str("a")
[38] call_expr span=0 data=node_extra(35,extra=54)
[39] return_stmt span=0 data=node(38)
[40] block span=0 data=extra(57)
[41] func_decl span=0 data=str_extra("min_max",extra=60)
[42] type_named span=0 data=str("i32")
[43] identifier span=0 data=str("min_max")
[44] int_literal span=0 data=str("3")
[45] int_literal span=0 data=str("7")
[46] call_expr span=0 data=node_extra(43,extra=67)
[47] var_decl span=0 data=str_extra("r",extra=70)
[48] identifier span=0 data=str("r")
[49] field_expr span=0 data=str_node("min",48)
[50] identifier span=0 data=str("r")
[51] field_expr span=0 data=str_node("max",50)
[52] binary_expr span=0 data=node_extra(49,extra=73)
[53] return_stmt span=0 data=node(52)
[54] block span=0 data=extra(75)
[55] func_decl span=0 data=str_extra("field_access",extra=78)
[56] type_named span=0 data=str("i32")
[57] identifier span=0 data=str("min_max")
[58] int_literal span=0 data=str("3")
[59] int_literal span=0 data=str("7")
[60] call_expr span=0 data=node_extra(57,extra=85)
[61] destruct_decl span=0 data=node_extra(60,extra=90)
[62] identifier span=0 data=str("min")
[63] identifier span=0 data=str("max")
[64] binary_expr span=0 data=node_extra(62,extra=93)
[65] return_stmt span=0 data=node(64)
[66] block span=0 data=extra(95)
[67] func_decl span=0 data=str_extra("destructure",extra=98)
[68] type_named span=0 data=str("f32")
[69] param span=0 data=str_extra("x",extra=103)
[70] type_named span=0 data=str("f32")
[71] param span=0 data=str_extra("y",extra=105)
[72] type_named span=0 data=str("Point2")
[73] identifier span=0 data=str("Point2")
[74] identifier span=0 data=str("x")
[75] identifier span=0 data=str("y")
[76] call_expr span=0 data=node_extra(73,extra=113)
[77] return_stmt span=0 data=node(76)
[78] block span=0 data=extra(116)
[79] func_decl span=0 data=str_extra("make_point",extra=118)
[80] program span=0 data=extra(131)
Built: bin/libtuples.a
