MirStore[57 nodes, 138 extra words]
[1] type_expr class=plain type=2 coerce=0 span_ast=10 data=none
[2] var_decl class=plain type=1 coerce=0 span_ast=12 data=str_extra("MinMax",extra=0)
[3] type_expr class=plain type=3 coerce=0 span_ast=17 data=none
[4] var_decl class=plain type=1 coerce=0 span_ast=19 data=str_extra("Point2",extra=3)
[5] param_def class=plain type=0 coerce=0 span_ast=21 data=str_extra("a",extra=6)
[6] param_def class=plain type=0 coerce=0 span_ast=23 data=str_extra("b",extra=8)
[7] identifier class=plain type=0 coerce=0 span_ast=25 data=str_extra("a",extra=12)
[8] identifier class=plain type=0 coerce=0 span_ast=26 data=str_extra("b",extra=13)
[9] binary class=plain type=4 coerce=0 span_ast=27 data=node_extra(7,extra=14)
[10] identifier class=plain type=1 coerce=0 span_ast=28 data=str_extra("MinMax",extra=17)
[11] identifier class=plain type=0 coerce=0 span_ast=29 data=str_extra("a",extra=18)
[12] identifier class=plain type=0 coerce=0 span_ast=30 data=str_extra("b",extra=19)
[13] call class=plain type=5 coerce=0 span_ast=31 data=node_extra(10,extra=24)
[14] return_stmt class=plain type=0 coerce=0 span_ast=32 data=node(13)
[15] block class=plain type=0 coerce=0 span_ast=33 data=extra(27)
[16] if_stmt class=plain type=0 coerce=0 span_ast=34 data=node_extra(9,extra=29)
[17] identifier class=plain type=1 coerce=0 span_ast=35 data=str_extra("MinMax",extra=32)
[18] identifier class=plain type=0 coerce=0 span_ast=36 data=str_extra("b",extra=33)
[19] identifier class=plain type=0 coerce=0 span_ast=37 data=str_extra("a",extra=34)
[20] call class=plain type=5 coerce=0 span_ast=38 data=node_extra(17,extra=39)
[21] return_stmt class=plain type=0 coerce=0 span_ast=39 data=node(20)
[22] block class=plain type=0 coerce=0 span_ast=40 data=extra(42)
[23] func class=plain type=0 coerce=0 span_ast=41 data=str_extra("min_max",extra=45)
[24] identifier class=plain type=0 coerce=0 span_ast=43 data=str_extra("min_max",extra=50)
[25] literal class=plain type=0 coerce=0 span_ast=44 data=str_extra("3",extra=51)
[26] literal class=plain type=0 coerce=0 span_ast=45 data=str_extra("7",extra=53)
[27] call class=plain type=5 coerce=0 span_ast=46 data=node_extra(24,extra=57)
[28] var_decl class=plain type=5 coerce=0 span_ast=47 data=str_extra("r",extra=60)
[29] identifier class=plain type=5 coerce=0 span_ast=48 data=str_extra("r",extra=63)
[30] field_access class=plain type=0 coerce=0 span_ast=49 data=str_extra("min",extra=64)
[31] identifier class=plain type=5 coerce=0 span_ast=50 data=str_extra("r",extra=66)
[32] field_access class=plain type=0 coerce=0 span_ast=51 data=str_extra("max",extra=67)
[33] binary class=plain type=0 coerce=0 span_ast=52 data=node_extra(30,extra=69)
[34] return_stmt class=plain type=0 coerce=0 span_ast=53 data=node(33)
[35] block class=plain type=0 coerce=0 span_ast=54 data=extra(72)
[36] func class=plain type=0 coerce=0 span_ast=55 data=str_extra("field_access",extra=75)
[37] identifier class=plain type=0 coerce=0 span_ast=57 data=str_extra("min_max",extra=80)
[38] literal class=plain type=0 coerce=0 span_ast=58 data=str_extra("3",extra=81)
[39] literal class=plain type=0 coerce=0 span_ast=59 data=str_extra("7",extra=83)
[40] call class=plain type=5 coerce=0 span_ast=60 data=node_extra(37,extra=87)
[41] destruct class=plain type=0 coerce=0 span_ast=61 data=node_extra(40,extra=92)
[42] identifier class=plain type=0 coerce=0 span_ast=62 data=str_extra("min",extra=95)
[43] identifier class=plain type=0 coerce=0 span_ast=63 data=str_extra("max",extra=96)
[44] binary class=plain type=0 coerce=0 span_ast=64 data=node_extra(42,extra=97)
[45] return_stmt class=plain type=0 coerce=0 span_ast=65 data=node(44)
[46] block class=plain type=0 coerce=0 span_ast=66 data=extra(100)
[47] func class=plain type=0 coerce=0 span_ast=67 data=str_extra("destructure",extra=103)
[48] param_def class=plain type=0 coerce=0 span_ast=69 data=str_extra("x",extra=108)
[49] param_def class=plain type=0 coerce=0 span_ast=71 data=str_extra("y",extra=110)
[50] identifier class=plain type=1 coerce=0 span_ast=73 data=str_extra("Point2",extra=114)
[51] identifier class=plain type=0 coerce=0 span_ast=74 data=str_extra("x",extra=115)
[52] identifier class=plain type=0 coerce=0 span_ast=75 data=str_extra("y",extra=116)
[53] call class=plain type=7 coerce=0 span_ast=76 data=node_extra(50,extra=121)
[54] return_stmt class=plain type=0 coerce=0 span_ast=77 data=node(53)
[55] block class=plain type=0 coerce=0 span_ast=78 data=extra(124)
[56] func class=plain type=0 coerce=0 span_ast=79 data=str_extra("make_point",extra=126)
[57] block class=plain type=0 coerce=0 span_ast=80 data=extra(131)
Built: bin/libtuples.a
