AstStore[76 nodes, 131 extra words]
[1] module_decl span=0 data=str_node("tuples",0)
[2] type_named span=0 data=str("i32")
[3] field_decl span=0 data=str_extra("min",extra=0)
[4] type_named span=0 data=str("i32")
[5] field_decl span=0 data=str_extra("max",extra=3)
[6] type_tuple_named span=0 data=extra(8)
[7] type_named span=0 data=str("type")
[8] var_decl span=0 data=str_extra("MinMax",extra=10)
[9] type_named span=0 data=str("f32")
[10] field_decl span=0 data=str_extra("x",extra=13)
[11] type_named span=0 data=str("f32")
[12] field_decl span=0 data=str_extra("y",extra=16)
[13] type_tuple_named span=0 data=extra(21)
[14] type_named span=0 data=str("type")
[15] var_decl span=0 data=str_extra("Point2",extra=23)
[16] type_named span=0 data=str("i32")
[17] param span=0 data=str_extra("a",extra=26)
[18] type_named span=0 data=str("i32")
[19] param span=0 data=str_extra("b",extra=28)
[20] type_named span=0 data=str("MinMax")
[21] identifier span=0 data=str("a")
[22] identifier span=0 data=str("b")
[23] binary_expr span=0 data=node_extra(21,extra=32)
[24] identifier span=0 data=str("MinMax")
[25] identifier span=0 data=str("a")
[26] identifier span=0 data=str("b")
[27] call_expr span=0 data=node_extra(24,extra=38)
[28] return_stmt span=0 data=node(27)
[29] block span=0 data=extra(41)
[30] if_stmt span=0 data=node_extra(23,extra=43)
[31] identifier span=0 data=str("MinMax")
[32] identifier span=0 data=str("b")
[33] identifier span=0 data=str("a")
[34] call_expr span=0 data=node_extra(31,extra=49)
[35] return_stmt span=0 data=node(34)
[36] block span=0 data=extra(52)
[37] func_decl span=0 data=str_extra("min_max",extra=55)
[38] type_named span=0 data=str("i32")
[39] identifier span=0 data=str("min_max")
[40] int_literal span=0 data=str("3")
[41] int_literal span=0 data=str("7")
[42] call_expr span=0 data=node_extra(39,extra=62)
[43] var_decl span=0 data=str_extra("r",extra=65)
[44] identifier span=0 data=str("r")
[45] field_expr span=0 data=str_node("min",44)
[46] identifier span=0 data=str("r")
[47] field_expr span=0 data=str_node("max",46)
[48] binary_expr span=0 data=node_extra(45,extra=68)
[49] return_stmt span=0 data=node(48)
[50] block span=0 data=extra(70)
[51] func_decl span=0 data=str_extra("field_access",extra=73)
[52] type_named span=0 data=str("i32")
[53] identifier span=0 data=str("min_max")
[54] int_literal span=0 data=str("3")
[55] int_literal span=0 data=str("7")
[56] call_expr span=0 data=node_extra(53,extra=80)
[57] destruct_decl span=0 data=node_extra(56,extra=85)
[58] identifier span=0 data=str("min")
[59] identifier span=0 data=str("max")
[60] binary_expr span=0 data=node_extra(58,extra=88)
[61] return_stmt span=0 data=node(60)
[62] block span=0 data=extra(90)
[63] func_decl span=0 data=str_extra("destructure",extra=93)
[64] type_named span=0 data=str("f32")
[65] param span=0 data=str_extra("x",extra=98)
[66] type_named span=0 data=str("f32")
[67] param span=0 data=str_extra("y",extra=100)
[68] type_named span=0 data=str("Point2")
[69] identifier span=0 data=str("Point2")
[70] identifier span=0 data=str("x")
[71] identifier span=0 data=str("y")
[72] call_expr span=0 data=node_extra(69,extra=108)
[73] return_stmt span=0 data=node(72)
[74] block span=0 data=extra(111)
[75] func_decl span=0 data=str_extra("make_point",extra=113)
[76] program span=0 data=extra(124)
Built: bin/libtuples.a
