MirStore[82 nodes, 197 extra words]
[1] literal class=plain type=0 coerce=0 span_ast=3 data=str_extra("1",extra=0)
[2] literal class=plain type=0 coerce=0 span_ast=4 data=str_extra("2",extra=2)
[3] literal class=plain type=0 coerce=0 span_ast=5 data=str_extra("3",extra=4)
[4] literal class=plain type=0 coerce=0 span_ast=6 data=str_extra("4",extra=6)
[5] array_lit class=plain type=0 coerce=0 span_ast=7 data=extra(8)
[6] var_decl class=plain type=1 coerce=0 span_ast=11 data=str_extra("arr",extra=13)
[7] literal class=plain type=3 coerce=0 span_ast=12 data=str_extra("0",extra=16)
[8] var_decl class=plain type=2 coerce=0 span_ast=14 data=str_extra("total",extra=18)
[9] literal class=plain type=3 coerce=0 span_ast=15 data=str_extra("0",extra=21)
[10] var_decl class=plain type=2 coerce=0 span_ast=17 data=str_extra("i",extra=23)
[11] identifier class=plain type=2 coerce=0 span_ast=18 data=str_extra("i",extra=26)
[12] literal class=plain type=0 coerce=0 span_ast=19 data=str_extra("4",extra=27)
[13] binary class=plain type=4 coerce=0 span_ast=20 data=node_extra(11,extra=29)
[14] identifier class=plain type=2 coerce=0 span_ast=21 data=str_extra("total",extra=32)
[15] identifier class=plain type=1 coerce=0 span_ast=22 data=str_extra("arr",extra=33)
[16] identifier class=plain type=2 coerce=0 span_ast=23 data=str_extra("i",extra=34)
[17] index class=plain type=0 coerce=0 span_ast=24 data=nodes(15,16)
[18] assignment class=plain type=0 coerce=0 span_ast=25 data=node_extra(14,extra=35)
[19] block class=plain type=0 coerce=0 span_ast=26 data=extra(37)
[20] identifier class=plain type=2 coerce=0 span_ast=27 data=str_extra("i",extra=39)
[21] literal class=plain type=0 coerce=0 span_ast=28 data=str_extra("1",extra=40)
[22] assignment class=plain type=0 coerce=0 span_ast=29 data=node_extra(20,extra=42)
[23] while_stmt class=plain type=0 coerce=0 span_ast=30 data=node_extra(13,extra=44)
[24] identifier class=plain type=2 coerce=0 span_ast=31 data=str_extra("total",extra=46)
[25] return_stmt class=plain type=0 coerce=0 span_ast=32 data=node(24)
[26] block class=plain type=0 coerce=0 span_ast=33 data=extra(47)
[27] func class=plain type=0 coerce=0 span_ast=34 data=str_extra("fixed_sum",extra=53)
[28] literal class=plain type=0 coerce=0 span_ast=36 data=str_extra("1",extra=58)
[29] literal class=plain type=0 coerce=0 span_ast=37 data=str_extra("2",extra=60)
[30] literal class=plain type=0 coerce=0 span_ast=38 data=str_extra("3",extra=62)
[31] literal class=plain type=0 coerce=0 span_ast=39 data=str_extra("4",extra=64)
[32] literal class=plain type=0 coerce=0 span_ast=40 data=str_extra("5",extra=66)
[33] array_lit class=plain type=0 coerce=0 span_ast=41 data=extra(68)
[34] var_decl class=plain type=5 coerce=0 span_ast=45 data=str_extra("arr",extra=74)
[35] identifier class=plain type=5 coerce=0 span_ast=46 data=str_extra("arr",extra=77)
[36] literal class=plain type=0 coerce=0 span_ast=47 data=str_extra("1",extra=78)
[37] literal class=plain type=0 coerce=0 span_ast=48 data=str_extra("4",extra=80)
[38] slice class=plain type=0 coerce=0 span_ast=49 data=node_extra(35,extra=82)
[39] var_decl class=plain type=6 coerce=0 span_ast=52 data=str_extra("part",extra=84)
[40] literal class=plain type=3 coerce=0 span_ast=53 data=str_extra("0",extra=87)
[41] var_decl class=plain type=2 coerce=0 span_ast=55 data=str_extra("total",extra=89)
[42] identifier class=plain type=2 coerce=0 span_ast=56 data=str_extra("total",extra=92)
[43] identifier class=plain type=2 coerce=0 span_ast=57 data=str_extra("val",extra=93)
[44] assignment class=plain type=0 coerce=0 span_ast=58 data=node_extra(42,extra=94)
[45] block class=plain type=0 coerce=0 span_ast=59 data=extra(96)
[46] identifier class=plain type=6 coerce=0 span_ast=60 data=str_extra("part",extra=98)
[47] for_stmt class=plain type=0 coerce=0 span_ast=61 data=node_extra(45,extra=101)
[48] identifier class=plain type=2 coerce=0 span_ast=62 data=str_extra("total",extra=106)
[49] return_stmt class=plain type=0 coerce=0 span_ast=63 data=node(48)
[50] block class=plain type=0 coerce=0 span_ast=64 data=extra(107)
[51] func class=plain type=0 coerce=0 span_ast=65 data=str_extra("slice_expr",extra=113)
[52] param_def class=plain type=0 coerce=0 span_ast=68 data=str_extra("s",extra=118)
[53] literal class=plain type=3 coerce=0 span_ast=70 data=str_extra("0",extra=121)
[54] var_decl class=plain type=2 coerce=0 span_ast=72 data=str_extra("total",extra=123)
[55] identifier class=plain type=2 coerce=0 span_ast=73 data=str_extra("total",extra=126)
[56] identifier class=plain type=2 coerce=0 span_ast=74 data=str_extra("val",extra=127)
[57] assignment class=plain type=0 coerce=0 span_ast=75 data=node_extra(55,extra=128)
[58] block class=plain type=0 coerce=0 span_ast=76 data=extra(130)
[59] identifier class=plain type=6 coerce=0 span_ast=77 data=str_extra("s",extra=132)
[60] for_stmt class=plain type=0 coerce=0 span_ast=78 data=node_extra(58,extra=135)
[61] identifier class=plain type=2 coerce=0 span_ast=79 data=str_extra("total",extra=140)
[62] return_stmt class=plain type=0 coerce=0 span_ast=80 data=node(61)
[63] block class=plain type=0 coerce=0 span_ast=81 data=extra(141)
[64] func class=plain type=0 coerce=0 span_ast=82 data=str_extra("sum_slice",extra=145)
[65] param_def class=plain type=0 coerce=0 span_ast=84 data=str_extra("n",extra=150)
[66] literal class=plain type=3 coerce=0 span_ast=86 data=str_extra("0",extra=153)
[67] var_decl class=plain type=2 coerce=0 span_ast=88 data=str_extra("total",extra=155)
[68] identifier class=plain type=2 coerce=0 span_ast=89 data=str_extra("total",extra=158)
[69] identifier class=plain type=0 coerce=0 span_ast=90 data=str_extra("i32",extra=159)
[70] identifier class=plain type=2 coerce=0 span_ast=91 data=str_extra("i",extra=160)
[71] compiler_fn class=plain type=0 coerce=0 span_ast=92 data=str_extra("cast",extra=163)
[72] assignment class=plain type=0 coerce=0 span_ast=93 data=node_extra(68,extra=165)
[73] block class=plain type=0 coerce=0 span_ast=94 data=extra(167)
[74] literal class=plain type=0 coerce=0 span_ast=95 data=str_extra("0",extra=169)
[75] identifier class=plain type=0 coerce=0 span_ast=96 data=str_extra("n",extra=171)
[76] binary class=plain type=0 coerce=0 span_ast=97 data=node_extra(74,extra=172)
[77] for_stmt class=plain type=0 coerce=0 span_ast=98 data=node_extra(73,extra=177)
[78] identifier class=plain type=2 coerce=0 span_ast=99 data=str_extra("total",extra=182)
[79] return_stmt class=plain type=0 coerce=0 span_ast=100 data=node(78)
[80] block class=plain type=0 coerce=0 span_ast=101 data=extra(183)
[81] func class=plain type=0 coerce=0 span_ast=102 data=str_extra("range_sum",extra=187)
[82] block class=plain type=0 coerce=0 span_ast=103 data=extra(192)
Built: bin/libslicing.a
