AstStore[107 nodes, 150 extra words]
[1] module_decl span=0 data=str_node("slicing",0)
[2] version_literal span=0 data=extra(0)
[3] metadata span=0 data=node_extra(2,extra=3)
[4] identifier span=0 data=str("static")
[5] metadata span=0 data=node_extra(4,extra=4)
[6] type_named span=0 data=str("i32")
[7] int_literal span=0 data=str("1")
[8] int_literal span=0 data=str("2")
[9] int_literal span=0 data=str("3")
[10] int_literal span=0 data=str("4")
[11] array_literal span=0 data=extra(5)
[12] int_literal span=0 data=str("4")
[13] type_named span=0 data=str("i32")
[14] type_array span=0 data=nodes(12,13)
[15] var_decl span=0 data=str_extra("arr",extra=10)
[16] int_literal span=0 data=str("0")
[17] type_named span=0 data=str("i32")
[18] var_decl span=0 data=str_extra("total",extra=13)
[19] int_literal span=0 data=str("0")
[20] type_named span=0 data=str("i32")
[21] var_decl span=0 data=str_extra("i",extra=16)
[22] identifier span=0 data=str("i")
[23] int_literal span=0 data=str("4")
[24] binary_expr span=0 data=node_extra(22,extra=19)
[25] identifier span=0 data=str("total")
[26] identifier span=0 data=str("arr")
[27] identifier span=0 data=str("i")
[28] index_expr span=0 data=nodes(26,27)
[29] assignment span=0 data=node_extra(25,extra=21)
[30] block span=0 data=extra(23)
[31] identifier span=0 data=str("i")
[32] int_literal span=0 data=str("1")
[33] assignment span=0 data=node_extra(31,extra=25)
[34] while_stmt span=0 data=node_extra(24,extra=27)
[35] identifier span=0 data=str("total")
[36] return_stmt span=0 data=node(35)
[37] block span=0 data=extra(29)
[38] func_decl span=0 data=str_extra("fixed_sum",extra=35)
[39] type_named span=0 data=str("i32")
[40] int_literal span=0 data=str("1")
[41] int_literal span=0 data=str("2")
[42] int_literal span=0 data=str("3")
[43] int_literal span=0 data=str("4")
[44] int_literal span=0 data=str("5")
[45] array_literal span=0 data=extra(40)
[46] int_literal span=0 data=str("5")
[47] type_named span=0 data=str("i32")
[48] type_array span=0 data=nodes(46,47)
[49] var_decl span=0 data=str_extra("arr",extra=46)
[50] identifier span=0 data=str("arr")
[51] int_literal span=0 data=str("1")
[52] int_literal span=0 data=str("4")
[53] slice_expr span=0 data=node_extra(50,extra=49)
[54] type_named span=0 data=str("i32")
[55] type_slice span=0 data=node(54)
[56] var_decl span=0 data=str_extra("part",extra=51)
[57] int_literal span=0 data=str("0")
[58] type_named span=0 data=str("i32")
[59] var_decl span=0 data=str_extra("total",extra=54)
[60] identifier span=0 data=str("total")
[61] identifier span=0 data=str("val")
[62] assignment span=0 data=node_extra(60,extra=57)
[63] block span=0 data=extra(59)
[64] identifier span=0 data=str("part")
[65] for_stmt span=0 data=node_extra(63,extra=63)
[66] identifier span=0 data=str("total")
[67] return_stmt span=0 data=node(66)
[68] block span=0 data=extra(68)
[69] func_decl span=0 data=str_extra("slice_expr",extra=74)
[70] type_named span=0 data=str("i32")
[71] type_slice span=0 data=node(70)
[72] param span=0 data=str_extra("s",extra=79)
[73] type_named span=0 data=str("i32")
[74] int_literal span=0 data=str("0")
[75] type_named span=0 data=str("i32")
[76] var_decl span=0 data=str_extra("total",extra=82)
[77] identifier span=0 data=str("total")
[78] identifier span=0 data=str("val")
[79] assignment span=0 data=node_extra(77,extra=85)
[80] block span=0 data=extra(87)
[81] identifier span=0 data=str("s")
[82] for_stmt span=0 data=node_extra(80,extra=91)
[83] identifier span=0 data=str("total")
[84] return_stmt span=0 data=node(83)
[85] block span=0 data=extra(96)
[86] func_decl span=0 data=str_extra("sum_slice",extra=100)
[87] type_named span=0 data=str("i32")
[88] param span=0 data=str_extra("n",extra=105)
[89] type_named span=0 data=str("i32")
[90] int_literal span=0 data=str("0")
[91] type_named span=0 data=str("i32")
[92] var_decl span=0 data=str_extra("total",extra=108)
[93] identifier span=0 data=str("total")
[94] identifier span=0 data=str("i32")
[95] identifier span=0 data=str("i")
[96] compiler_func span=0 data=str_extra("cast",extra=113)
[97] assignment span=0 data=node_extra(93,extra=115)
[98] block span=0 data=extra(117)
[99] int_literal span=0 data=str("0")
[100] identifier span=0 data=str("n")
[101] range_expr span=0 data=node_extra(99,extra=119)
[102] for_stmt span=0 data=node_extra(98,extra=123)
[103] identifier span=0 data=str("total")
[104] return_stmt span=0 data=node(103)
[105] block span=0 data=extra(128)
[106] func_decl span=0 data=str_extra("range_sum",extra=132)
[107] program span=0 data=extra(143)
Built: bin/libslicing.a
