AstStore[103 nodes, 143 extra words]
[1] module_decl span=0 data=str_node("slicing",0)
[2] type_named span=0 data=str("i32")
[3] int_literal span=0 data=str("1")
[4] int_literal span=0 data=str("2")
[5] int_literal span=0 data=str("3")
[6] int_literal span=0 data=str("4")
[7] array_literal span=0 data=extra(0)
[8] int_literal span=0 data=str("4")
[9] type_named span=0 data=str("i32")
[10] type_array span=0 data=nodes(8,9)
[11] var_decl span=0 data=str_extra("arr",extra=5)
[12] int_literal span=0 data=str("0")
[13] type_named span=0 data=str("i32")
[14] var_decl span=0 data=str_extra("total",extra=8)
[15] int_literal span=0 data=str("0")
[16] type_named span=0 data=str("i32")
[17] var_decl span=0 data=str_extra("i",extra=11)
[18] identifier span=0 data=str("i")
[19] int_literal span=0 data=str("4")
[20] binary_expr span=0 data=node_extra(18,extra=14)
[21] identifier span=0 data=str("total")
[22] identifier span=0 data=str("arr")
[23] identifier span=0 data=str("i")
[24] index_expr span=0 data=nodes(22,23)
[25] assignment span=0 data=node_extra(21,extra=16)
[26] block span=0 data=extra(18)
[27] identifier span=0 data=str("i")
[28] int_literal span=0 data=str("1")
[29] assignment span=0 data=node_extra(27,extra=20)
[30] while_stmt span=0 data=node_extra(20,extra=22)
[31] identifier span=0 data=str("total")
[32] return_stmt span=0 data=node(31)
[33] block span=0 data=extra(24)
[34] func_decl span=0 data=str_extra("fixed_sum",extra=30)
[35] type_named span=0 data=str("i32")
[36] int_literal span=0 data=str("1")
[37] int_literal span=0 data=str("2")
[38] int_literal span=0 data=str("3")
[39] int_literal span=0 data=str("4")
[40] int_literal span=0 data=str("5")
[41] array_literal span=0 data=extra(35)
[42] int_literal span=0 data=str("5")
[43] type_named span=0 data=str("i32")
[44] type_array span=0 data=nodes(42,43)
[45] var_decl span=0 data=str_extra("arr",extra=41)
[46] identifier span=0 data=str("arr")
[47] int_literal span=0 data=str("1")
[48] int_literal span=0 data=str("4")
[49] slice_expr span=0 data=node_extra(46,extra=44)
[50] type_named span=0 data=str("i32")
[51] type_slice span=0 data=node(50)
[52] var_decl span=0 data=str_extra("part",extra=46)
[53] int_literal span=0 data=str("0")
[54] type_named span=0 data=str("i32")
[55] var_decl span=0 data=str_extra("total",extra=49)
[56] identifier span=0 data=str("total")
[57] identifier span=0 data=str("val")
[58] assignment span=0 data=node_extra(56,extra=52)
[59] block span=0 data=extra(54)
[60] identifier span=0 data=str("part")
[61] for_stmt span=0 data=node_extra(59,extra=58)
[62] identifier span=0 data=str("total")
[63] return_stmt span=0 data=node(62)
[64] block span=0 data=extra(63)
[65] func_decl span=0 data=str_extra("slice_expr",extra=69)
[66] type_named span=0 data=str("i32")
[67] type_slice span=0 data=node(66)
[68] param span=0 data=str_extra("s",extra=74)
[69] type_named span=0 data=str("i32")
[70] int_literal span=0 data=str("0")
[71] type_named span=0 data=str("i32")
[72] var_decl span=0 data=str_extra("total",extra=77)
[73] identifier span=0 data=str("total")
[74] identifier span=0 data=str("val")
[75] assignment span=0 data=node_extra(73,extra=80)
[76] block span=0 data=extra(82)
[77] identifier span=0 data=str("s")
[78] for_stmt span=0 data=node_extra(76,extra=86)
[79] identifier span=0 data=str("total")
[80] return_stmt span=0 data=node(79)
[81] block span=0 data=extra(91)
[82] func_decl span=0 data=str_extra("sum_slice",extra=95)
[83] type_named span=0 data=str("i32")
[84] param span=0 data=str_extra("n",extra=100)
[85] type_named span=0 data=str("i32")
[86] int_literal span=0 data=str("0")
[87] type_named span=0 data=str("i32")
[88] var_decl span=0 data=str_extra("total",extra=103)
[89] identifier span=0 data=str("total")
[90] identifier span=0 data=str("i32")
[91] identifier span=0 data=str("i")
[92] compiler_func span=0 data=str_extra("cast",extra=108)
[93] assignment span=0 data=node_extra(89,extra=110)
[94] block span=0 data=extra(112)
[95] int_literal span=0 data=str("0")
[96] identifier span=0 data=str("n")
[97] range_expr span=0 data=node_extra(95,extra=114)
[98] for_stmt span=0 data=node_extra(94,extra=118)
[99] identifier span=0 data=str("total")
[100] return_stmt span=0 data=node(99)
[101] block span=0 data=extra(123)
[102] func_decl span=0 data=str_extra("range_sum",extra=127)
[103] program span=0 data=extra(136)
Built: bin/libslicing.a
