MirStore[14 nodes, 39 extra words]
[1] passthrough class=plain type=0 coerce=0 span_ast=8 data=none
[2] field_def class=plain type=0 coerce=0 span_ast=10 data=str_extra("x",extra=0)
[3] field_def class=plain type=0 coerce=0 span_ast=12 data=str_extra("y",extra=3)
[4] param_def class=plain type=0 coerce=0 span_ast=15 data=str_extra("self",extra=6)
[5] identifier class=plain type=0 coerce=0 span_ast=17 data=str_extra("self",extra=9)
[6] field_access class=plain type=0 coerce=0 span_ast=18 data=str_extra("x",extra=10)
[7] identifier class=plain type=0 coerce=0 span_ast=19 data=str_extra("self",extra=12)
[8] field_access class=plain type=0 coerce=0 span_ast=20 data=str_extra("y",extra=13)
[9] binary class=plain type=0 coerce=0 span_ast=21 data=node_extra(6,extra=15)
[10] return_stmt class=plain type=0 coerce=0 span_ast=22 data=node(9)
[11] block class=plain type=0 coerce=0 span_ast=23 data=extra(18)
[12] func class=plain type=0 coerce=0 span_ast=24 data=str_extra("sum",extra=20)
[13] struct_def class=plain type=1 coerce=0 span_ast=25 data=str_extra("Point",extra=29)
[14] block class=plain type=0 coerce=0 span_ast=26 data=extra(36)
Built: bin/libstructs.a
