AstStore[26 nodes, 53 extra words]
[1] module_decl span=0 data=str_node("structs",0)
[2] type_named span=0 data=str("Summable")
[3] type_ptr span=0 data=node_extra(2,extra=0)
[4] param span=0 data=str_extra("self",extra=1)
[5] type_named span=0 data=str("i32")
[6] block span=0 data=extra(4)
[7] func_decl span=0 data=str_extra("sum",extra=5)
[8] blueprint_decl span=0 data=str_extra("Summable",extra=11)
[9] type_named span=0 data=str("i32")
[10] field_decl span=0 data=str_extra("x",extra=14)
[11] type_named span=0 data=str("i32")
[12] field_decl span=0 data=str_extra("y",extra=17)
[13] type_named span=0 data=str("Point")
[14] type_ptr span=0 data=node_extra(13,extra=20)
[15] param span=0 data=str_extra("self",extra=21)
[16] type_named span=0 data=str("i32")
[17] identifier span=0 data=str("self")
[18] field_expr span=0 data=str_node("x",17)
[19] identifier span=0 data=str("self")
[20] field_expr span=0 data=str_node("y",19)
[21] binary_expr span=0 data=node_extra(18,extra=24)
[22] return_stmt span=0 data=node(21)
[23] block span=0 data=extra(26)
[24] func_decl span=0 data=str_extra("sum",extra=28)
[25] struct_decl span=0 data=str_extra("Point",extra=37)
[26] program span=0 data=extra(46)
Built: bin/libstructs.a
