AstStore[129 nodes, 168 extra words]
[1] module_decl span=0 data=str_node("matching",0)
[2] type_named span=0 data=str("u8")
[3] enum_variant span=0 data=str_extra("Red",extra=0)
[4] enum_variant span=0 data=str_extra("Green",extra=1)
[5] enum_variant span=0 data=str_extra("Blue",extra=2)
[6] enum_decl span=0 data=str_extra("Color",extra=6)
[7] type_named span=0 data=str("i32")
[8] param span=0 data=str_extra("n",extra=10)
[9] type_named span=0 data=str("i32")
[10] identifier span=0 data=str("n")
[11] int_literal span=0 data=str("0")
[12] int_literal span=0 data=str("0")
[13] return_stmt span=0 data=node(12)
[14] block span=0 data=extra(13)
[15] match_arm span=0 data=node_extra(11,extra=15)
[16] int_literal span=0 data=str("1")
[17] int_literal span=0 data=str("10")
[18] return_stmt span=0 data=node(17)
[19] block span=0 data=extra(17)
[20] match_arm span=0 data=node_extra(16,extra=19)
[21] identifier span=0 data=str("else")
[22] int_literal span=0 data=str("99")
[23] return_stmt span=0 data=node(22)
[24] block span=0 data=extra(21)
[25] match_arm span=0 data=node_extra(21,extra=23)
[26] match_stmt span=0 data=node_extra(10,extra=28)
[27] block span=0 data=extra(30)
[28] func_decl span=0 data=str_extra("on_int",extra=32)
[29] type_named span=0 data=str("i32")
[30] param span=0 data=str_extra("n",extra=37)
[31] type_named span=0 data=str("i32")
[32] identifier span=0 data=str("n")
[33] int_literal span=0 data=str("1")
[34] int_literal span=0 data=str("3")
[35] range_expr span=0 data=node_extra(33,extra=40)
[36] int_literal span=0 data=str("1")
[37] return_stmt span=0 data=node(36)
[38] block span=0 data=extra(42)
[39] match_arm span=0 data=node_extra(35,extra=44)
[40] int_literal span=0 data=str("4")
[41] int_literal span=0 data=str("6")
[42] range_expr span=0 data=node_extra(40,extra=46)
[43] int_literal span=0 data=str("2")
[44] return_stmt span=0 data=node(43)
[45] block span=0 data=extra(48)
[46] match_arm span=0 data=node_extra(42,extra=50)
[47] identifier span=0 data=str("else")
[48] int_literal span=0 data=str("0")
[49] return_stmt span=0 data=node(48)
[50] block span=0 data=extra(52)
[51] match_arm span=0 data=node_extra(47,extra=54)
[52] match_stmt span=0 data=node_extra(32,extra=59)
[53] block span=0 data=extra(61)
[54] func_decl span=0 data=str_extra("on_range",extra=63)
[55] type_named span=0 data=str("str")
[56] param span=0 data=str_extra("s",extra=68)
[57] type_named span=0 data=str("i32")
[58] identifier span=0 data=str("s")
[59] string_literal span=0 data=str(""hello"")
[60] int_literal span=0 data=str("1")
[61] return_stmt span=0 data=node(60)
[62] block span=0 data=extra(71)
[63] match_arm span=0 data=node_extra(59,extra=73)
[64] string_literal span=0 data=str(""world"")
[65] int_literal span=0 data=str("2")
[66] return_stmt span=0 data=node(65)
[67] block span=0 data=extra(75)
[68] match_arm span=0 data=node_extra(64,extra=77)
[69] identifier span=0 data=str("else")
[70] int_literal span=0 data=str("0")
[71] return_stmt span=0 data=node(70)
[72] block span=0 data=extra(79)
[73] match_arm span=0 data=node_extra(69,extra=81)
[74] match_stmt span=0 data=node_extra(58,extra=86)
[75] block span=0 data=extra(88)
[76] func_decl span=0 data=str_extra("on_str",extra=90)
[77] type_named span=0 data=str("i32")
[78] param span=0 data=str_extra("n",extra=95)
[79] type_named span=0 data=str("i32")
[80] identifier span=0 data=str("n")
[81] identifier span=0 data=str("x")
[82] identifier span=0 data=str("x")
[83] int_literal span=0 data=str("0")
[84] binary_expr span=0 data=node_extra(82,extra=98)
[85] int_literal span=0 data=str("1")
[86] return_stmt span=0 data=node(85)
[87] block span=0 data=extra(100)
[88] match_arm span=0 data=node_extra(81,extra=102)
[89] identifier span=0 data=str("x")
[90] identifier span=0 data=str("x")
[91] int_literal span=0 data=str("0")
[92] binary_expr span=0 data=node_extra(90,extra=104)
[93] int_literal span=0 data=str("0")
[94] int_literal span=0 data=str("1")
[95] binary_expr span=0 data=node_extra(93,extra=106)
[96] return_stmt span=0 data=node(95)
[97] block span=0 data=extra(108)
[98] match_arm span=0 data=node_extra(89,extra=110)
[99] identifier span=0 data=str("else")
[100] int_literal span=0 data=str("0")
[101] return_stmt span=0 data=node(100)
[102] block span=0 data=extra(112)
[103] match_arm span=0 data=node_extra(99,extra=114)
[104] match_stmt span=0 data=node_extra(80,extra=119)
[105] block span=0 data=extra(121)
[106] func_decl span=0 data=str_extra("on_guard",extra=123)
[107] type_named span=0 data=str("Color")
[108] param span=0 data=str_extra("c",extra=128)
[109] type_named span=0 data=str("i32")
[110] identifier span=0 data=str("c")
[111] identifier span=0 data=str("Red")
[112] int_literal span=0 data=str("1")
[113] return_stmt span=0 data=node(112)
[114] block span=0 data=extra(131)
[115] match_arm span=0 data=node_extra(111,extra=133)
[116] identifier span=0 data=str("Green")
[117] int_literal span=0 data=str("2")
[118] return_stmt span=0 data=node(117)
[119] block span=0 data=extra(135)
[120] match_arm span=0 data=node_extra(116,extra=137)
[121] identifier span=0 data=str("Blue")
[122] int_literal span=0 data=str("3")
[123] return_stmt span=0 data=node(122)
[124] block span=0 data=extra(139)
[125] match_arm span=0 data=node_extra(121,extra=141)
[126] match_stmt span=0 data=node_extra(110,extra=146)
[127] block span=0 data=extra(148)
[128] func_decl span=0 data=str_extra("on_enum",extra=150)
[129] program span=0 data=extra(161)
Built: bin/libmatching.a
