MirStore[117 nodes, 232 extra words]
[1] enum_variant_def class=plain type=0 coerce=0 span_ast=3 data=str_node("Red",0)
[2] enum_variant_def class=plain type=0 coerce=0 span_ast=4 data=str_node("Green",0)
[3] enum_variant_def class=plain type=0 coerce=0 span_ast=5 data=str_node("Blue",0)
[4] enum_def class=plain type=1 coerce=0 span_ast=6 data=str_extra("Color",extra=3)
[5] param_def class=plain type=0 coerce=0 span_ast=8 data=str_extra("n",extra=7)
[6] identifier class=plain type=2 coerce=0 span_ast=10 data=str_extra("n",extra=10)
[7] literal class=plain type=3 coerce=0 span_ast=11 data=str_extra("0",extra=11)
[8] literal class=plain type=3 coerce=0 span_ast=12 data=str_extra("0",extra=13)
[9] return_stmt class=plain type=0 coerce=0 span_ast=13 data=node(8)
[10] block class=plain type=0 coerce=0 span_ast=14 data=extra(15)
[11] match_arm class=plain type=0 coerce=0 span_ast=15 data=node_extra(7,extra=17)
[12] literal class=plain type=3 coerce=0 span_ast=16 data=str_extra("1",extra=19)
[13] literal class=plain type=3 coerce=0 span_ast=17 data=str_extra("10",extra=21)
[14] return_stmt class=plain type=0 coerce=0 span_ast=18 data=node(13)
[15] block class=plain type=0 coerce=0 span_ast=19 data=extra(23)
[16] match_arm class=plain type=0 coerce=0 span_ast=20 data=node_extra(12,extra=25)
[17] identifier class=plain type=0 coerce=0 span_ast=21 data=str_extra("else",extra=27)
[18] literal class=plain type=3 coerce=0 span_ast=22 data=str_extra("99",extra=28)
[19] return_stmt class=plain type=0 coerce=0 span_ast=23 data=node(18)
[20] block class=plain type=0 coerce=0 span_ast=24 data=extra(30)
[21] match_arm class=plain type=0 coerce=0 span_ast=25 data=node_extra(17,extra=32)
[22] match_stmt class=plain type=0 coerce=0 span_ast=26 data=node_extra(6,extra=37)
[23] block class=plain type=0 coerce=0 span_ast=27 data=extra(39)
[24] func class=plain type=0 coerce=0 span_ast=28 data=str_extra("on_int",extra=41)
[25] param_def class=plain type=0 coerce=0 span_ast=30 data=str_extra("n",extra=46)
[26] identifier class=plain type=2 coerce=0 span_ast=32 data=str_extra("n",extra=49)
[27] literal class=plain type=0 coerce=0 span_ast=33 data=str_extra("1",extra=50)
[28] literal class=plain type=0 coerce=0 span_ast=34 data=str_extra("3",extra=52)
[29] binary class=plain type=0 coerce=0 span_ast=35 data=node_extra(27,extra=54)
[30] literal class=plain type=3 coerce=0 span_ast=36 data=str_extra("1",extra=57)
[31] return_stmt class=plain type=0 coerce=0 span_ast=37 data=node(30)
[32] block class=plain type=0 coerce=0 span_ast=38 data=extra(59)
[33] match_arm class=plain type=0 coerce=0 span_ast=39 data=node_extra(29,extra=61)
[34] literal class=plain type=0 coerce=0 span_ast=40 data=str_extra("4",extra=63)
[35] literal class=plain type=0 coerce=0 span_ast=41 data=str_extra("6",extra=65)
[36] binary class=plain type=0 coerce=0 span_ast=42 data=node_extra(34,extra=67)
[37] literal class=plain type=3 coerce=0 span_ast=43 data=str_extra("2",extra=70)
[38] return_stmt class=plain type=0 coerce=0 span_ast=44 data=node(37)
[39] block class=plain type=0 coerce=0 span_ast=45 data=extra(72)
[40] match_arm class=plain type=0 coerce=0 span_ast=46 data=node_extra(36,extra=74)
[41] identifier class=plain type=0 coerce=0 span_ast=47 data=str_extra("else",extra=76)
[42] literal class=plain type=3 coerce=0 span_ast=48 data=str_extra("0",extra=77)
[43] return_stmt class=plain type=0 coerce=0 span_ast=49 data=node(42)
[44] block class=plain type=0 coerce=0 span_ast=50 data=extra(79)
[45] match_arm class=plain type=0 coerce=0 span_ast=51 data=node_extra(41,extra=81)
[46] match_stmt class=plain type=0 coerce=0 span_ast=52 data=node_extra(26,extra=86)
[47] block class=plain type=0 coerce=0 span_ast=53 data=extra(88)
[48] func class=plain type=0 coerce=0 span_ast=54 data=str_extra("on_range",extra=90)
[49] param_def class=plain type=0 coerce=0 span_ast=56 data=str_extra("s",extra=95)
[50] identifier class=string type=4 coerce=0 span_ast=58 data=str_extra("s",extra=98)
[51] literal class=string type=4 coerce=0 span_ast=59 data=str_extra(""hello"",extra=99)
[52] literal class=plain type=3 coerce=0 span_ast=60 data=str_extra("1",extra=101)
[53] return_stmt class=plain type=0 coerce=0 span_ast=61 data=node(52)
[54] block class=plain type=0 coerce=0 span_ast=62 data=extra(103)
[55] match_arm class=plain type=0 coerce=0 span_ast=63 data=node_extra(51,extra=105)
[56] literal class=string type=4 coerce=0 span_ast=64 data=str_extra(""world"",extra=107)
[57] literal class=plain type=3 coerce=0 span_ast=65 data=str_extra("2",extra=109)
[58] return_stmt class=plain type=0 coerce=0 span_ast=66 data=node(57)
[59] block class=plain type=0 coerce=0 span_ast=67 data=extra(111)
[60] match_arm class=plain type=0 coerce=0 span_ast=68 data=node_extra(56,extra=113)
[61] identifier class=plain type=0 coerce=0 span_ast=69 data=str_extra("else",extra=115)
[62] literal class=plain type=3 coerce=0 span_ast=70 data=str_extra("0",extra=116)
[63] return_stmt class=plain type=0 coerce=0 span_ast=71 data=node(62)
[64] block class=plain type=0 coerce=0 span_ast=72 data=extra(118)
[65] match_arm class=plain type=0 coerce=0 span_ast=73 data=node_extra(61,extra=120)
[66] match_stmt class=plain type=0 coerce=0 span_ast=74 data=node_extra(50,extra=125)
[67] block class=plain type=0 coerce=0 span_ast=75 data=extra(127)
[68] func class=plain type=0 coerce=0 span_ast=76 data=str_extra("on_str",extra=129)
[69] param_def class=plain type=0 coerce=0 span_ast=78 data=str_extra("n",extra=134)
[70] identifier class=plain type=2 coerce=0 span_ast=80 data=str_extra("n",extra=137)
[71] identifier class=plain type=0 coerce=0 span_ast=81 data=str_extra("x",extra=138)
[72] identifier class=plain type=0 coerce=0 span_ast=82 data=str_extra("x",extra=139)
[73] literal class=plain type=0 coerce=0 span_ast=83 data=str_extra("0",extra=140)
[74] binary class=plain type=5 coerce=0 span_ast=84 data=node_extra(72,extra=142)
[75] literal class=plain type=3 coerce=0 span_ast=85 data=str_extra("1",extra=145)
[76] return_stmt class=plain type=0 coerce=0 span_ast=86 data=node(75)
[77] block class=plain type=0 coerce=0 span_ast=87 data=extra(147)
[78] match_arm class=plain type=0 coerce=0 span_ast=88 data=node_extra(71,extra=149)
[79] identifier class=plain type=0 coerce=0 span_ast=89 data=str_extra("x",extra=151)
[80] identifier class=plain type=0 coerce=0 span_ast=90 data=str_extra("x",extra=152)
[81] literal class=plain type=0 coerce=0 span_ast=91 data=str_extra("0",extra=153)
[82] binary class=plain type=5 coerce=0 span_ast=92 data=node_extra(80,extra=155)
[83] literal class=plain type=0 coerce=0 span_ast=93 data=str_extra("0",extra=158)
[84] literal class=plain type=0 coerce=0 span_ast=94 data=str_extra("1",extra=160)
[85] binary class=plain type=3 coerce=0 span_ast=95 data=node_extra(83,extra=162)
[86] return_stmt class=plain type=0 coerce=0 span_ast=96 data=node(85)
[87] block class=plain type=0 coerce=0 span_ast=97 data=extra(165)
[88] match_arm class=plain type=0 coerce=0 span_ast=98 data=node_extra(79,extra=167)
[89] identifier class=plain type=0 coerce=0 span_ast=99 data=str_extra("else",extra=169)
[90] literal class=plain type=3 coerce=0 span_ast=100 data=str_extra("0",extra=170)
[91] return_stmt class=plain type=0 coerce=0 span_ast=101 data=node(90)
[92] block class=plain type=0 coerce=0 span_ast=102 data=extra(172)
[93] match_arm class=plain type=0 coerce=0 span_ast=103 data=node_extra(89,extra=174)
[94] match_stmt class=plain type=0 coerce=0 span_ast=104 data=node_extra(70,extra=179)
[95] block class=plain type=0 coerce=0 span_ast=105 data=extra(181)
[96] func class=plain type=0 coerce=0 span_ast=106 data=str_extra("on_guard",extra=183)
[97] param_def class=plain type=0 coerce=0 span_ast=108 data=str_extra("c",extra=188)
[98] identifier class=plain type=1 coerce=0 span_ast=110 data=str_extra("c",extra=191)
[99] identifier class=plain type=0 coerce=0 span_ast=111 data=str_extra("Red",extra=192)
[100] literal class=plain type=3 coerce=0 span_ast=112 data=str_extra("1",extra=193)
[101] return_stmt class=plain type=0 coerce=0 span_ast=113 data=node(100)
[102] block class=plain type=0 coerce=0 span_ast=114 data=extra(195)
[103] match_arm class=plain type=0 coerce=0 span_ast=115 data=node_extra(99,extra=197)
[104] identifier class=plain type=0 coerce=0 span_ast=116 data=str_extra("Green",extra=199)
[105] literal class=plain type=3 coerce=0 span_ast=117 data=str_extra("2",extra=200)
[106] return_stmt class=plain type=0 coerce=0 span_ast=118 data=node(105)
[107] block class=plain type=0 coerce=0 span_ast=119 data=extra(202)
[108] match_arm class=plain type=0 coerce=0 span_ast=120 data=node_extra(104,extra=204)
[109] identifier class=plain type=0 coerce=0 span_ast=121 data=str_extra("Blue",extra=206)
[110] literal class=plain type=3 coerce=0 span_ast=122 data=str_extra("3",extra=207)
[111] return_stmt class=plain type=0 coerce=0 span_ast=123 data=node(110)
[112] block class=plain type=0 coerce=0 span_ast=124 data=extra(209)
[113] match_arm class=plain type=0 coerce=0 span_ast=125 data=node_extra(109,extra=211)
[114] match_stmt class=plain type=0 coerce=0 span_ast=126 data=node_extra(98,extra=216)
[115] block class=plain type=0 coerce=0 span_ast=127 data=extra(218)
[116] func class=plain type=0 coerce=0 span_ast=128 data=str_extra("on_enum",extra=220)
[117] block class=plain type=0 coerce=0 span_ast=129 data=extra(225)
Built: bin/libmatching.a
