AstStore[52 nodes, 67 extra words]
[1] module_decl span=0 data=str_node("control",0)
[2] type_named span=0 data=str("i32")
[3] param span=0 data=str_extra("n",extra=0)
[4] type_named span=0 data=str("str")
[5] identifier span=0 data=str("n")
[6] int_literal span=0 data=str("0")
[7] binary_expr span=0 data=node_extra(5,extra=3)
[8] string_literal span=0 data=str(""positive"")
[9] return_stmt span=0 data=node(8)
[10] block span=0 data=extra(5)
[11] identifier span=0 data=str("n")
[12] int_literal span=0 data=str("0")
[13] binary_expr span=0 data=node_extra(11,extra=7)
[14] string_literal span=0 data=str(""negative"")
[15] return_stmt span=0 data=node(14)
[16] block span=0 data=extra(9)
[17] string_literal span=0 data=str(""zero"")
[18] return_stmt span=0 data=node(17)
[19] block span=0 data=extra(11)
[20] if_stmt span=0 data=node_extra(13,extra=13)
[21] if_stmt span=0 data=node_extra(7,extra=15)
[22] block span=0 data=extra(17)
[23] func_decl span=0 data=str_extra("classify",extra=19)
[24] type_named span=0 data=str("i32")
[25] param span=0 data=str_extra("n",extra=24)
[26] type_named span=0 data=str("i32")
[27] int_literal span=0 data=str("0")
[28] type_named span=0 data=str("i32")
[29] var_decl span=0 data=str_extra("total",extra=27)
[30] int_literal span=0 data=str("1")
[31] type_named span=0 data=str("i32")
[32] var_decl span=0 data=str_extra("i",extra=30)
[33] identifier span=0 data=str("i")
[34] identifier span=0 data=str("n")
[35] binary_expr span=0 data=node_extra(33,extra=33)
[36] identifier span=0 data=str("total")
[37] identifier span=0 data=str("total")
[38] identifier span=0 data=str("i")
[39] binary_expr span=0 data=node_extra(37,extra=35)
[40] assignment span=0 data=node_extra(36,extra=37)
[41] identifier span=0 data=str("i")
[42] identifier span=0 data=str("i")
[43] int_literal span=0 data=str("1")
[44] binary_expr span=0 data=node_extra(42,extra=39)
[45] assignment span=0 data=node_extra(41,extra=41)
[46] block span=0 data=extra(43)
[47] while_stmt span=0 data=node_extra(35,extra=46)
[48] identifier span=0 data=str("total")
[49] return_stmt span=0 data=node(48)
[50] block span=0 data=extra(48)
[51] func_decl span=0 data=str_extra("sum_to",extra=53)
[52] program span=0 data=extra(60)
Built: bin/libcontrol.a
