MirStore[45 nodes, 94 extra words]
[1] param_def class=plain type=0 coerce=0 span_ast=3 data=str_extra("n",extra=0)
[2] identifier class=plain type=0 coerce=0 span_ast=5 data=str_extra("n",extra=3)
[3] literal class=plain type=0 coerce=0 span_ast=6 data=str_extra("0",extra=4)
[4] binary class=plain type=1 coerce=0 span_ast=7 data=node_extra(2,extra=6)
[5] literal class=string type=2 coerce=0 span_ast=8 data=str_extra(""positive"",extra=9)
[6] return_stmt class=plain type=0 coerce=0 span_ast=9 data=node(5)
[7] block class=plain type=0 coerce=0 span_ast=10 data=extra(11)
[8] identifier class=plain type=0 coerce=0 span_ast=11 data=str_extra("n",extra=13)
[9] literal class=plain type=0 coerce=0 span_ast=12 data=str_extra("0",extra=14)
[10] binary class=plain type=0 coerce=0 span_ast=13 data=node_extra(8,extra=16)
[11] literal class=plain type=0 coerce=0 span_ast=14 data=str_extra(""negative"",extra=19)
[12] return_stmt class=plain type=0 coerce=0 span_ast=15 data=node(11)
[13] block class=plain type=0 coerce=0 span_ast=16 data=extra(21)
[14] literal class=plain type=0 coerce=0 span_ast=17 data=str_extra(""zero"",extra=23)
[15] return_stmt class=plain type=0 coerce=0 span_ast=18 data=node(14)
[16] block class=plain type=0 coerce=0 span_ast=19 data=extra(25)
[17] if_stmt class=plain type=0 coerce=0 span_ast=20 data=node_extra(10,extra=27)
[18] if_stmt class=plain type=0 coerce=0 span_ast=21 data=node_extra(4,extra=30)
[19] block class=plain type=0 coerce=0 span_ast=22 data=extra(33)
[20] func class=plain type=0 coerce=0 span_ast=23 data=str_extra("classify",extra=35)
[21] param_def class=plain type=0 coerce=0 span_ast=25 data=str_extra("n",extra=40)
[22] literal class=plain type=4 coerce=0 span_ast=27 data=str_extra("0",extra=43)
[23] var_decl class=plain type=3 coerce=0 span_ast=29 data=str_extra("total",extra=45)
[24] literal class=plain type=4 coerce=0 span_ast=30 data=str_extra("1",extra=48)
[25] var_decl class=plain type=3 coerce=0 span_ast=32 data=str_extra("i",extra=50)
[26] identifier class=plain type=3 coerce=0 span_ast=33 data=str_extra("i",extra=53)
[27] identifier class=plain type=0 coerce=0 span_ast=34 data=str_extra("n",extra=54)
[28] binary class=plain type=1 coerce=0 span_ast=35 data=node_extra(26,extra=55)
[29] identifier class=plain type=3 coerce=0 span_ast=36 data=str_extra("total",extra=58)
[30] identifier class=plain type=3 coerce=0 span_ast=37 data=str_extra("total",extra=59)
[31] identifier class=plain type=3 coerce=0 span_ast=38 data=str_extra("i",extra=60)
[32] binary class=plain type=3 coerce=0 span_ast=39 data=node_extra(30,extra=61)
[33] assignment class=plain type=0 coerce=0 span_ast=40 data=node_extra(29,extra=64)
[34] identifier class=plain type=3 coerce=0 span_ast=41 data=str_extra("i",extra=66)
[35] identifier class=plain type=3 coerce=0 span_ast=42 data=str_extra("i",extra=67)
[36] literal class=plain type=0 coerce=0 span_ast=43 data=str_extra("1",extra=68)
[37] binary class=plain type=3 coerce=0 span_ast=44 data=node_extra(35,extra=70)
[38] assignment class=plain type=0 coerce=0 span_ast=45 data=node_extra(34,extra=73)
[39] block class=plain type=0 coerce=0 span_ast=46 data=extra(75)
[40] while_stmt class=plain type=0 coerce=0 span_ast=47 data=node_extra(28,extra=78)
[41] identifier class=plain type=3 coerce=0 span_ast=48 data=str_extra("total",extra=80)
[42] return_stmt class=plain type=0 coerce=0 span_ast=49 data=node(41)
[43] block class=plain type=0 coerce=0 span_ast=50 data=extra(81)
[44] func class=plain type=0 coerce=0 span_ast=51 data=str_extra("sum_to",extra=86)
[45] block class=plain type=0 coerce=0 span_ast=52 data=extra(91)
Built: bin/libcontrol.a
